Archive member included to satisfy reference by file (symbol)

app/libapp.a(main.c.obj)      (--whole-archive)
zephyr/libzephyr.a(validate_libc.c.obj)
                              (--whole-archive)
zephyr/libzephyr.a(heap.c.obj)
                              (--whole-archive)
zephyr/libzephyr.a(cbprintf_packaged.c.obj)
                              (--whole-archive)
zephyr/libzephyr.a(clock.c.obj)
                              (--whole-archive)
zephyr/libzephyr.a(printk.c.obj)
                              (--whole-archive)
zephyr/libzephyr.a(sem.c.obj)
                              (--whole-archive)
zephyr/libzephyr.a(thread_entry.c.obj)
                              (--whole-archive)
zephyr/libzephyr.a(cbprintf_complete.c.obj)
                              (--whole-archive)
zephyr/libzephyr.a(assert.c.obj)
                              (--whole-archive)
zephyr/libzephyr.a(dec.c.obj)
                              (--whole-archive)
zephyr/libzephyr.a(hex.c.obj)
                              (--whole-archive)
zephyr/libzephyr.a(rb.c.obj)  (--whole-archive)
zephyr/libzephyr.a(set.c.obj)
                              (--whole-archive)
zephyr/libzephyr.a(timeutil.c.obj)
                              (--whole-archive)
zephyr/libzephyr.a(bitarray.c.obj)
                              (--whole-archive)
zephyr/libzephyr.a(bitmask.c.obj)
                              (--whole-archive)
zephyr/libzephyr.a(getopt.c.obj)
                              (--whole-archive)
zephyr/libzephyr.a(getopt_common.c.obj)
                              (--whole-archive)
zephyr/libzephyr.a(onoff.c.obj)
                              (--whole-archive)
zephyr/libzephyr.a(notify.c.obj)
                              (--whole-archive)
zephyr/libzephyr.a(ring_buffer.c.obj)
                              (--whole-archive)
zephyr/libzephyr.a(last_section_id.c.obj)
                              (--whole-archive)
zephyr/libzephyr.a(configs.c.obj)
                              (--whole-archive)
zephyr/libzephyr.a(mem_attr.c.obj)
                              (--whole-archive)
zephyr/libzephyr.a(tracing_none.c.obj)
                              (--whole-archive)
zephyr/libzephyr.a(cdc_acm_serial.c.obj)
                              (--whole-archive)
zephyr/libzephyr.a(banner.c.obj)
                              (--whole-archive)
zephyr/libzephyr.a(nrf_cc3xx_platform_abort_zephyr.c.obj)
                              (--whole-archive)
zephyr/libzephyr.a(nrf_cc3xx_platform_mutex_zephyr.c.obj)
                              (--whole-archive)
zephyr/arch/common/libarch__common.a(sw_isr_common.c.obj)
                              (--whole-archive)
zephyr/arch/common/libarch__common.a(init.c.obj)
                              (--whole-archive)
zephyr/arch/common/libarch__common.a(xip.c.obj)
                              (--whole-archive)
zephyr/arch/arch/arm/core/libarch__arm__core.a(fatal.c.obj)
                              (--whole-archive)
zephyr/arch/arch/arm/core/libarch__arm__core.a(nmi.c.obj)
                              (--whole-archive)
zephyr/arch/arch/arm/core/libarch__arm__core.a(nmi_on_reset.S.obj)
                              (--whole-archive)
zephyr/arch/arch/arm/core/libarch__arm__core.a(tls.c.obj)
                              (--whole-archive)
zephyr/arch/arch/arm/core/cortex_m/libarch__arm__core__cortex_m.a(fault.c.obj)
                              (--whole-archive)
zephyr/arch/arch/arm/core/cortex_m/libarch__arm__core__cortex_m.a(fault_s.S.obj)
                              (--whole-archive)
zephyr/arch/arch/arm/core/cortex_m/libarch__arm__core__cortex_m.a(fpu.c.obj)
                              (--whole-archive)
zephyr/arch/arch/arm/core/cortex_m/libarch__arm__core__cortex_m.a(reset.S.obj)
                              (--whole-archive)
zephyr/arch/arch/arm/core/cortex_m/libarch__arm__core__cortex_m.a(scb.c.obj)
                              (--whole-archive)
zephyr/arch/arch/arm/core/cortex_m/libarch__arm__core__cortex_m.a(vector_table.S.obj)
                              (--whole-archive)
zephyr/arch/arch/arm/core/cortex_m/libarch__arm__core__cortex_m.a(svc.S.obj)
                              (--whole-archive)
zephyr/arch/arch/arm/core/cortex_m/libarch__arm__core__cortex_m.a(irq_manage.c.obj)
                              (--whole-archive)
zephyr/arch/arch/arm/core/cortex_m/libarch__arm__core__cortex_m.a(prep_c.c.obj)
                              (--whole-archive)
zephyr/arch/arch/arm/core/cortex_m/libarch__arm__core__cortex_m.a(thread.c.obj)
                              (--whole-archive)
zephyr/arch/arch/arm/core/cortex_m/libarch__arm__core__cortex_m.a(cpu_idle.c.obj)
                              (--whole-archive)
zephyr/arch/arch/arm/core/cortex_m/libarch__arm__core__cortex_m.a(exc_exit.c.obj)
                              (--whole-archive)
zephyr/arch/arch/arm/core/cortex_m/libarch__arm__core__cortex_m.a(thread_abort.c.obj)
                              (--whole-archive)
[...]
Memory Configuration

Name             Origin             Length             Attributes
FLASH            0x00001000         0x000eb000         xr
RAM              0x20000000         0x00040000         xw
IDT_LIST         0xffff7fff         0x00008000         xw
*default*        0x00000000         0xffffffff

Linker script and memory map

                0x000096d0                        vfprintf = __l_vfprintf
                0x00000000                        vfscanf = __l_vfscanf
LOAD zephyr/CMakeFiles/zephyr_pre0.dir/misc/empty_file.c.obj
LOAD zephyr/CMakeFiles/offsets.dir/./arch/arm/core/offsets/offsets.c.obj
LOAD app/libapp.a
LOAD zephyr/libzephyr.a
LOAD zephyr/arch/common/libarch__common.a
LOAD zephyr/arch/arch/arm/core/libarch__arm__core.a
LOAD zephyr/arch/arch/arm/core/cortex_m/libarch__arm__core__cortex_m.a
LOAD zephyr/arch/arch/arm/core/mpu/libarch__arm__core__mpu.a
LOAD zephyr/lib/libc/picolibc/liblib__libc__picolibc.a
LOAD zephyr/lib/libc/common/liblib__libc__common.a
LOAD zephyr/lib/posix/c_lib_ext/liblib__posix__c_lib_ext.a
LOAD zephyr/lib/net_buf/liblib__net_buf.a
LOAD zephyr/soc/soc/nrf52840/libsoc__nordic.a
LOAD zephyr/subsys/usb/device_next/libsubsys__usb__device_next.a
LOAD zephyr/subsys/crc/libsubsys__crc.a
LOAD zephyr/drivers/usb/udc/libdrivers__usb__udc.a
LOAD zephyr/drivers/usb/common/buf/libdrivers__usb__common__buf.a
LOAD zephyr/drivers/usb/common/nrf_usbd_common/libdrivers__usb__common__nrf_usbd_common.a
LOAD zephyr/drivers/adc/libdrivers__adc.a
LOAD zephyr/drivers/clock_control/libdrivers__clock_control.a
LOAD zephyr/drivers/console/libdrivers__console.a
LOAD zephyr/drivers/gpio/libdrivers__gpio.a
LOAD zephyr/drivers/hwinfo/libdrivers__hwinfo.a
LOAD zephyr/drivers/i2c/libdrivers__i2c.a
LOAD zephyr/drivers/pinctrl/libdrivers__pinctrl.a
LOAD zephyr/drivers/sensor/nordic/temp/libdrivers__sensor__nordic__temp.a
LOAD zephyr/drivers/sensor/sensirion/sht3xd/libdrivers__sensor__sensirion__sht3xd.a
LOAD zephyr/drivers/sensor/voltage_divider/libdrivers__sensor__voltage_divider.a
LOAD zephyr/drivers/serial/libdrivers__serial.a
LOAD zephyr/drivers/timer/libdrivers__timer.a
LOAD modules/nrf/drivers/hw_cc3xx/lib..__nrf__drivers__hw_cc3xx.a
LOAD modules/hal_nordic/modules/hal_nordic/nrfx/libnrfx.a
LOAD zephyr/kernel/libkernel.a
LOAD zephyr/arch/common/libisr_tables.a
LOAD C:/ncs/v3.4.0/nrfxlib/crypto/nrf_cc310_platform/lib/cortex-m4/soft-float/no-interrupts/libnrf_cc310_platform_0.9.22.a
LOAD C:/ncs/toolchains/dcbdc366a1/opt/zephyr-sdk/gnu/arm-zephyr-eabi/bin/../lib/gcc/arm-zephyr-eabi/14.3.0/../../../../arm-zephyr-eabi/lib/thumb/v7e-m/nofp/space\libc.a
LOAD C:/ncs/toolchains/dcbdc366a1/opt/zephyr-sdk/gnu/arm-zephyr-eabi/bin/../lib/gcc/arm-zephyr-eabi/14.3.0/thumb/v7e-m/nofp/space\libgcc.a
                0x00000020                        _region_min_align = 0x20

.rel.plt        0x00001000        0x0
 *(SORT_BY_ALIGNMENT(.rel.plt))
                [!provide]                        PROVIDE (__rel_iplt_start = .)
 *(SORT_BY_ALIGNMENT(.rel.iplt))
 .rel.iplt      0x00001000        0x0 app/libapp.a(main.c.obj)
                [!provide]                        PROVIDE (__rel_iplt_end = .)

.rela.plt       0x00000000        0x0
 *(SORT_BY_ALIGNMENT(.rela.plt))
                [!provide]                        PROVIDE (__rela_iplt_start = .)
 *(SORT_BY_ALIGNMENT(.rela.iplt))
                [!provide]                        PROVIDE (__rela_iplt_end = .)

.rel.dyn
 *(SORT_BY_ALIGNMENT(.rel.*))

.rela.dyn
 *(SORT_BY_ALIGNMENT(.rela.*))

/DISCARD/
 *(SORT_BY_ALIGNMENT(.plt))

/DISCARD/
 *(SORT_BY_ALIGNMENT(.iplt))
                0x00001000                        __rom_region_start = 0x1000

rom_start       0x00001000      0x100
                0x00001000                        __rom_start_address = .
 FILL mask 0x00
                0x00001000                        . = (. + (0x0 - (. - __rom_start_address)))
                0x00001000                        . = ALIGN (0x4)
                0x00001000                        . = ALIGN (0x80)
                0x00001000                        . = ALIGN (0x100)
                0x00001000                        _vector_start = .
 *(SORT_BY_ALIGNMENT(.exc_vector_table))
 *(SORT_BY_ALIGNMENT(.exc_vector_table.*))
 .exc_vector_table._vector_table_section
                0x00001000       0x40 zephyr/arch/arch/arm/core/cortex_m/libarch__arm__core__cortex_m.a(vector_table.S.obj)
                0x00001000                _vector_table
 *(SORT_BY_ALIGNMENT(.vectors))
                0x00001100                        _vector_end = .
                0x00001040                        . = ALIGN (0x4)
 *(SORT_BY_ALIGNMENT(.gnu.linkonce.irq_vector_table*))
 .gnu.linkonce.irq_vector_table
                0x00001040       0xc0 zephyr/arch/common/libisr_tables.a(isr_tables.c.obj)
                0x00001040                _irq_vector_table
                0x00001100                        _vector_end = .

text            0x00001100     0xca78
                0x00001100                        __text_region_start = .
 *(SORT_BY_ALIGNMENT(.text))
 .text          0x00001100       0xa0 C:/ncs/toolchains/dcbdc366a1/opt/zephyr-sdk/gnu/arm-zephyr-eabi/bin/../lib/gcc/arm-zephyr-eabi/14.3.0/thumb/v7e-m/nofp/space\libgcc.a(_aeabi_ldivmod.o)
                0x00001100                __aeabi_ldivmod
 .text          0x000011a0       0x30 C:/ncs/toolchains/dcbdc366a1/opt/zephyr-sdk/gnu/arm-zephyr-eabi/bin/../lib/gcc/arm-zephyr-eabi/14.3.0/thumb/v7e-m/nofp/space\libgcc.a(_aeabi_uldivmod.o)
                0x000011a0                __aeabi_uldivmod
 .text          0x000011d0        0x4 C:/ncs/toolchains/dcbdc366a1/opt/zephyr-sdk/gnu/arm-zephyr-eabi/bin/../lib/gcc/arm-zephyr-eabi/14.3.0/thumb/v7e-m/nofp/space\libgcc.a(_dvmd_tls.o)
                0x000011d0                __aeabi_idiv0
                0x000011d0                __aeabi_ldiv0
 .text          0x000011d4       0x14 C:/ncs/toolchains/dcbdc366a1/opt/zephyr-sdk/gnu/arm-zephyr-eabi/bin/../lib/gcc/arm-zephyr-eabi/14.3.0/../../../../arm-zephyr-eabi/lib/thumb/v7e-m/nofp/space\libc.a(strcmp.S.o)
                0x000011d4                strcmp
 .text          0x000011e8      0x2bc C:/ncs/toolchains/dcbdc366a1/opt/zephyr-sdk/gnu/arm-zephyr-eabi/bin/../lib/gcc/arm-zephyr-eabi/14.3.0/thumb/v7e-m/nofp/space\libgcc.a(_udivmoddi4.o)
                0x000011e8                __udivmoddi4
 *(SORT_BY_ALIGNMENT(.text.*))
 .text.cdc_printf
                0x000014a4       0x38 app/libapp.a(main.c.obj)
 .text.main     0x000014dc      0x17c app/libapp.a(main.c.obj)
                0x000014dc                main
 .text.char_out
                0x00001658        0xc zephyr/libzephyr.a(printk.c.obj)
 .text.__printk_hook_install
                0x00001664        0xc zephyr/libzephyr.a(printk.c.obj)
                0x00001664                __printk_hook_install
 .text.vprintk  0x00001670       0x30 zephyr/libzephyr.a(printk.c.obj)
                0x00001670                vprintk
 .text.z_thread_entry
                0x000016a0       0x34 zephyr/libzephyr.a(thread_entry.c.obj)
                0x000016a0                z_thread_entry
 .text.process_event
                0x000016d4      0x1e8 zephyr/libzephyr.a(onoff.c.obj)
 .text.mem_attr_get_regions
                0x000018bc        0xc zephyr/libzephyr.a(mem_attr.c.obj)
                0x000018bc                mem_attr_get_regions
 .text.cdc_acm_serial_init_device
                0x000018c8       0x8c zephyr/libzephyr.a(cdc_acm_serial.c.obj)
 .text.ncs_boot_banner
                0x00001954       0x1c zephyr/libzephyr.a(banner.c.obj)
 .text.nrf_cc3xx_platform_abort_init
                0x00001970        0xc zephyr/libzephyr.a(nrf_cc3xx_platform_abort_zephyr.c.obj)
                0x00001970                nrf_cc3xx_platform_abort_init
 .text.mutex_free_platform
                0x0000197c       0x54 zephyr/libzephyr.a(nrf_cc3xx_platform_mutex_zephyr.c.obj)
 .text.mutex_lock_platform
                0x000019d0       0x60 zephyr/libzephyr.a(nrf_cc3xx_platform_mutex_zephyr.c.obj)
 .text.mutex_unlock_platform
                0x00001a30       0x58 zephyr/libzephyr.a(nrf_cc3xx_platform_mutex_zephyr.c.obj)
 .text.mutex_init_platform
                0x00001a88       0x94 zephyr/libzephyr.a(nrf_cc3xx_platform_mutex_zephyr.c.obj)
 .text.nrf_cc3xx_platform_mutex_init
                0x00001b1c       0x2c zephyr/libzephyr.a(nrf_cc3xx_platform_mutex_zephyr.c.obj)
                0x00001b1c                nrf_cc3xx_platform_mutex_init
 .text.arch_bss_zero
                0x00001b48       0x18 zephyr/arch/common/libarch__common.a(init.c.obj)
                0x00001b48                arch_bss_zero
 .text.arch_data_copy
                0x00001b60       0x38 zephyr/arch/common/libarch__common.a(xip.c.obj)
                0x00001b60                arch_data_copy
 .text.z_arm_fatal_error
                0x00001b98       0x60 zephyr/arch/arch/arm/core/libarch__arm__core.a(fatal.c.obj)
                0x00001b98                z_arm_fatal_error
 .text.z_SysNmiOnReset
                0x00001bf8        0x8 zephyr/arch/arch/arm/core/libarch__arm__core.a(nmi_on_reset.S.obj)
                0x00001bf8                z_SysNmiOnReset
 .text.arch_tls_stack_setup
                0x00001c00       0x40 zephyr/arch/arch/arm/core/libarch__arm__core.a(tls.c.obj)
                0x00001c00                arch_tls_stack_setup
 .text.usage_fault.isra.0
                0x00001c40       0x98 zephyr/arch/arch/arm/core/cortex_m/libarch__arm__core__cortex_m.a(fault.c.obj)
 .text.bus_fault.isra.0
                0x00001cd8       0xb8 zephyr/arch/arch/arm/core/cortex_m/libarch__arm__core__cortex_m.a(fault.c.obj)
 .text.mem_manage_fault.isra.0
                0x00001d90       0xbc zephyr/arch/arch/arm/core/cortex_m/libarch__arm__core__cortex_m.a(fault.c.obj)
 .text.z_arm_fault
                0x00001e4c      0x1a8 zephyr/arch/arch/arm/core/cortex_m/libarch__arm__core__cortex_m.a(fault.c.obj)
                0x00001e4c                z_arm_fault
 .text.z_arm_fault_init
                0x00001ff4       0x18 zephyr/arch/arch/arm/core/cortex_m/libarch__arm__core__cortex_m.a(fault.c.obj)
                0x00001ff4                z_arm_fault_init
 .text.__fault  0x0000200c       0x14 zephyr/arch/arch/arm/core/cortex_m/libarch__arm__core__cortex_m.a(fault_s.S.obj)
                0x0000200c                z_arm_usage_fault
                0x0000200c                z_arm_mpu_fault
                0x0000200c                z_arm_exc_spurious
                0x0000200c                z_arm_debug_monitor
                0x0000200c                z_arm_hard_fault
                0x0000200c                z_arm_bus_fault
 .text._reset_section
                0x00002020       0x54 zephyr/arch/arch/arm/core/cortex_m/libarch__arm__core__cortex_m.a(reset.S.obj)
                0x00002020                __start
                0x00002020                z_arm_reset
 .text.z_arm_clear_arm_mpu_config
                0x00002074       0x24 zephyr/arch/arch/arm/core/cortex_m/libarch__arm__core__cortex_m.a(scb.c.obj)
                0x00002074                z_arm_clear_arm_mpu_config
 .text.z_arm_init_arch_hw_at_boot
                0x00002098       0x64 zephyr/arch/arch/arm/core/cortex_m/libarch__arm__core__cortex_m.a(scb.c.obj)
                0x00002098                z_arm_init_arch_hw_at_boot
 .text.z_arm_svc
                0x000020fc       0x24 zephyr/arch/arch/arm/core/cortex_m/libarch__arm__core__cortex_m.a(svc.S.obj)
                0x000020fc                z_arm_svc
 .text.arm_irq_enable
                0x00002120       0x1c zephyr/arch/arch/arm/core/cortex_m/libarch__arm__core__cortex_m.a(irq_manage.c.obj)
                0x00002120                arm_irq_enable
 .text.arm_irq_disable
                0x0000213c       0x28 zephyr/arch/arch/arm/core/cortex_m/libarch__arm__core__cortex_m.a(irq_manage.c.obj)
                0x0000213c                arm_irq_disable
 .text.arm_irq_is_enabled
                0x00002164       0x1c zephyr/arch/arch/arm/core/cortex_m/libarch__arm__core__cortex_m.a(irq_manage.c.obj)
                0x00002164                arm_irq_is_enabled
 .text.arm_irq_priority_set
                0x00002180       0x30 zephyr/arch/arch/arm/core/cortex_m/libarch__arm__core__cortex_m.a(irq_manage.c.obj)
                0x00002180                arm_irq_priority_set
 .text.relocate_vector_table
                0x000021b0       0x1c zephyr/arch/arch/arm/core/cortex_m/libarch__arm__core__cortex_m.a(prep_c.c.obj)
                0x000021b0                relocate_vector_table
 .text.z_prep_c
                0x000021cc       0x28 zephyr/arch/arch/arm/core/cortex_m/libarch__arm__core__cortex_m.a(prep_c.c.obj)
                0x000021cc                z_prep_c
 .text.arch_new_thread
                0x000021f4       0x38 zephyr/arch/arch/arm/core/cortex_m/libarch__arm__core__cortex_m.a(thread.c.obj)
                0x000021f4                arch_new_thread
 .text.arch_switch_to_main_thread
                0x0000222c       0x38 zephyr/arch/arch/arm/core/cortex_m/libarch__arm__core__cortex_m.a(thread.c.obj)
                0x0000222c                arch_switch_to_main_thread
 .text.z_arm_cpu_idle_init
                0x00002264        0xc zephyr/arch/arch/arm/core/cortex_m/libarch__arm__core__cortex_m.a(cpu_idle.c.obj)
                0x00002264                z_arm_cpu_idle_init
 .text._HandlerModeExit
                0x00002270       0x20 zephyr/arch/arch/arm/core/cortex_m/libarch__arm__core__cortex_m.a(exc_exit.c.obj)
                0x00002270                z_arm_int_exit
                0x00002270                z_arm_exc_exit
 .text.z_impl_k_thread_abort
                0x00002290       0x2c zephyr/arch/arch/arm/core/cortex_m/libarch__arm__core__cortex_m.a(thread_abort.c.obj)
                0x00002290                z_impl_k_thread_abort
 .text.z_arm_pendsv
                0x000022bc       0x54 zephyr/arch/arch/arm/core/cortex_m/libarch__arm__core__cortex_m.a(swap_helper.S.obj)
                0x000022bc                z_arm_pendsv
 .text.z_arm_interrupt_init
                0x00002310       0x18 zephyr/arch/arch/arm/core/cortex_m/libarch__arm__core__cortex_m.a(irq_init.c.obj)
                0x00002310                z_arm_interrupt_init
 .text._isr_wrapper
                0x00002328       0x24 zephyr/arch/arch/arm/core/cortex_m/libarch__arm__core__cortex_m.a(isr_wrapper.c.obj)
                0x00002328                _isr_wrapper
 .text.__aeabi_read_tp
                0x0000234c        0xc zephyr/arch/arch/arm/core/cortex_m/libarch__arm__core__cortex_m.a(__aeabi_read_tp.S.obj)
                0x0000234c                __aeabi_read_tp
 .text.z_arm_configure_static_mpu_regions
                0x00002358       0x18 zephyr/arch/arch/arm/core/mpu/libarch__arm__core__mpu.a(arm_core_mpu.c.obj)
                0x00002358                z_arm_configure_static_mpu_regions
 .text.region_init
                0x00002370       0x28 zephyr/arch/arch/arm/core/mpu/libarch__arm__core__mpu.a(arm_mpu.c.obj)
 .text.mpu_configure_regions
                0x00002398       0x6c zephyr/arch/arch/arm/core/mpu/libarch__arm__core__mpu.a(arm_mpu.c.obj)
 .text.arm_core_mpu_enable
                0x00002404       0x18 zephyr/arch/arch/arm/core/mpu/libarch__arm__core__mpu.a(arm_mpu.c.obj)
                0x00002404                arm_core_mpu_enable
 .text.arm_core_mpu_disable
                0x0000241c       0x14 zephyr/arch/arch/arm/core/mpu/libarch__arm__core__mpu.a(arm_mpu.c.obj)
                0x0000241c                arm_core_mpu_disable
 .text.arm_core_mpu_configure_static_mpu_regions
                0x00002430       0x14 zephyr/arch/arch/arm/core/mpu/libarch__arm__core__mpu.a(arm_mpu.c.obj)
                0x00002430                arm_core_mpu_configure_static_mpu_regions
 .text.z_arm_mpu_init
                0x00002444      0x184 zephyr/arch/arch/arm/core/mpu/libarch__arm__core__mpu.a(arm_mpu.c.obj)
                0x00002444                z_arm_mpu_init
 .text.z_impl_zephyr_fputc
                0x000025c8       0x10 zephyr/lib/libc/picolibc/liblib__libc__picolibc.a(stdio.c.obj)
                0x000025c8                z_impl_zephyr_fputc
 .text.__stdout_hook_install
                0x000025d8       0x18 zephyr/lib/libc/picolibc/liblib__libc__picolibc.a(stdio.c.obj)
                0x000025d8                __stdout_hook_install
 .text.malloc_prepare
                0x000025f0       0x24 zephyr/lib/libc/common/liblib__libc__common.a(malloc.c.obj)
 .text.net_buf_destroy
                0x00002614       0x38 zephyr/lib/net_buf/liblib__net_buf.a(buf.c.obj)
 .text.net_buf_pool_get
                0x0000264c       0x10 zephyr/lib/net_buf/liblib__net_buf.a(buf.c.obj)
                0x0000264c                net_buf_pool_get
 .text.net_buf_alloc_len
                0x0000265c       0xfc zephyr/lib/net_buf/liblib__net_buf.a(buf.c.obj)
                0x0000265c                net_buf_alloc_len
 .text.net_buf_unref
                0x00002758       0x3c zephyr/lib/net_buf/liblib__net_buf.a(buf.c.obj)
                0x00002758                net_buf_unref
 .text.nordicsemi_nrf52_init
                0x00002794       0x18 zephyr/soc/soc/nrf52840/libsoc__nordic.a(soc.c.obj)
 .text.arch_busy_wait
                0x000027ac       0x24 zephyr/soc/soc/nrf52840/libsoc__nordic.a(soc.c.obj)
                0x000027ac                arch_busy_wait
 .text.nonstd_request
                0x000027d0       0xac zephyr/subsys/usb/device_next/libsubsys__usb__device_next.a(usbd_ch9.c.obj)
 .text.usbd_handle_ctrl_xfer
                0x0000287c      0x940 zephyr/subsys/usb/device_next/libsubsys__usb__device_next.a(usbd_ch9.c.obj)
                0x0000287c                usbd_handle_ctrl_xfer
 .text.usbd_event_carrier
                0x000031bc       0x48 zephyr/subsys/usb/device_next/libsubsys__usb__device_next.a(usbd_core.c.obj)
 .text.usbd_thread
                0x00003204      0x188 zephyr/subsys/usb/device_next/libsubsys__usb__device_next.a(usbd_core.c.obj)
 .text.usbd_pre_init
                0x0000338c       0xa4 zephyr/subsys/usb/device_next/libsubsys__usb__device_next.a(usbd_core.c.obj)
 .text.usbd_device_init_core
                0x00003430       0x30 zephyr/subsys/usb/device_next/libsubsys__usb__device_next.a(usbd_core.c.obj)
                0x00003430                usbd_device_init_core
 .text.usbd_class_node_get.part.0
                0x00003460       0x2c zephyr/subsys/usb/device_next/libsubsys__usb__device_next.a(usbd_class.c.obj)
 .text.msg_work_handler
                0x0000348c       0x88 zephyr/subsys/usb/device_next/libsubsys__usb__device_next.a(usbd_msg.c.obj)
 .text.usbd_msg_pub
                0x00003514       0x6c zephyr/subsys/usb/device_next/libsubsys__usb__device_next.a(usbd_msg.c.obj)
 .text.usbd_cdc_acm_ctd
                0x00003580       0x60 zephyr/subsys/usb/device_next/libsubsys__usb__device_next.a(usbd_cdc_acm.c.obj)
 .text.usbd_cdc_acm_cth
                0x000035e0       0x44 zephyr/subsys/usb/device_next/libsubsys__usb__device_next.a(usbd_cdc_acm.c.obj)
 .text.cdc_acm_poll_out
                0x00003624       0x74 zephyr/subsys/usb/device_next/libsubsys__usb__device_next.a(usbd_cdc_acm.c.obj)
 .text.usbd_cdc_acm_preinit
                0x00003698       0x4c zephyr/subsys/usb/device_next/libsubsys__usb__device_next.a(usbd_cdc_acm.c.obj)
 .text.udc_ep_buf_alloc
                0x000036e4       0x30 zephyr/drivers/usb/udc/libdrivers__usb__udc.a(udc_common.c.obj)
                0x000036e4                udc_ep_buf_alloc
 .text.usbd_ep_amount_get
                0x00003714       0x38 zephyr/drivers/usb/udc/libdrivers__usb__udc.a(udc_nrf.c.obj)
 .text.usbd_ep_abort
                0x0000374c       0x98 zephyr/drivers/usb/udc/libdrivers__usb__udc.a(udc_nrf.c.obj)
 .text.usbd_errata_187_211_begin
                0x000037e4       0x3c zephyr/drivers/usb/udc/libdrivers__usb__udc.a(udc_nrf.c.obj)
 .text.usbd_errata_187_211_end
                0x00003820       0x3c zephyr/drivers/usb/udc/libdrivers__usb__udc.a(udc_nrf.c.obj)
 .text.nrf_usbd_start_transfer
                0x0000385c       0x70 zephyr/drivers/usb/udc/libdrivers__usb__udc.a(udc_nrf.c.obj)
 .text.nrf_usbd_legacy_ep_stall_clear
                0x000038cc       0x60 zephyr/drivers/usb/udc/libdrivers__usb__udc.a(udc_nrf.c.obj)
 .text.udc_nrf_ep_enable
                0x0000392c       0x60 zephyr/drivers/usb/udc/libdrivers__usb__udc.a(udc_nrf.c.obj)
 .text.udc_nrf_ep_set_halt
                0x0000398c       0x20 zephyr/drivers/usb/udc/libdrivers__usb__udc.a(udc_nrf.c.obj)
 .text.udc_event_xfer_in_next
                0x000039ac       0x6c zephyr/drivers/usb/udc/libdrivers__usb__udc.a(udc_nrf.c.obj)
 .text.udc_event_xfer_out_next
                0x00003a18       0x6c zephyr/drivers/usb/udc/libdrivers__usb__udc.a(udc_nrf.c.obj)
 .text.udc_nrf_init
                0x00003a84       0x4c zephyr/drivers/usb/udc/libdrivers__usb__udc.a(udc_nrf.c.obj)
 .text.udc_nrf_power_handler
                0x00003ad0       0x60 zephyr/drivers/usb/udc/libdrivers__usb__udc.a(udc_nrf.c.obj)
 .text.k_event_post.constprop.0.isra.0
                0x00003b30        0xc zephyr/drivers/usb/udc/libdrivers__usb__udc.a(udc_nrf.c.obj)
 .text.udc_nrf_set_address
                0x00003b3c       0x20 zephyr/drivers/usb/udc/libdrivers__usb__udc.a(udc_nrf.c.obj)
 .text.udc_nrf_ep_dequeue
                0x00003b5c       0x44 zephyr/drivers/usb/udc/libdrivers__usb__udc.a(udc_nrf.c.obj)
 .text.udc_nrf_driver_init
                0x00003ba0      0x158 zephyr/drivers/usb/udc/libdrivers__usb__udc.a(udc_nrf.c.obj)
 .text.udc_nrf_ep_enqueue
                0x00003cf8       0x28 zephyr/drivers/usb/udc/libdrivers__usb__udc.a(udc_nrf.c.obj)
 .text.udc_nrf_ep_clear_halt
                0x00003d20       0x20 zephyr/drivers/usb/udc/libdrivers__usb__udc.a(udc_nrf.c.obj)
 .text.udc_nrf_ep_disable
                0x00003d40       0x60 zephyr/drivers/usb/udc/libdrivers__usb__udc.a(udc_nrf.c.obj)
 .text.udc_nrf_thread
                0x00003da0      0x380 zephyr/drivers/usb/udc/libdrivers__usb__udc.a(udc_nrf.c.obj)
 .text.usbd_dma_pending_clear
                0x00004120       0x1c zephyr/drivers/usb/udc/libdrivers__usb__udc.a(udc_nrf.c.obj)
 .text.udc_nrf_disable
                0x0000413c      0x110 zephyr/drivers/usb/udc/libdrivers__usb__udc.a(udc_nrf.c.obj)
 .text.nrf_usbd_irq_handler
                0x0000424c      0x480 zephyr/drivers/usb/udc/libdrivers__usb__udc.a(udc_nrf.c.obj)
 .text.udc_nrf_host_wakeup
                0x000046cc       0x78 zephyr/drivers/usb/udc/libdrivers__usb__udc.a(udc_nrf.c.obj)
 .text.udc_nrf_enable
                0x00004744      0x1a0 zephyr/drivers/usb/udc/libdrivers__usb__udc.a(udc_nrf.c.obj)
 .text.adc_gain_invert_64
                0x000048e4       0x3c zephyr/drivers/adc/libdrivers__adc.a(adc_common.c.obj)
                0x000048e4                adc_gain_invert_64
 .text.adc_nrfx_channel_setup
                0x00004920      0x174 zephyr/drivers/adc/libdrivers__adc.a(adc_nrfx_saadc.c.obj)
 .text.adc_context_start_sampling.constprop.0
                0x00004a94       0x38 zephyr/drivers/adc/libdrivers__adc.a(adc_nrfx_saadc.c.obj)
 .text.event_handler
                0x00004acc      0x164 zephyr/drivers/adc/libdrivers__adc.a(adc_nrfx_saadc.c.obj)
 .text.external_timer_expired_handler
                0x00004c30       0x2c zephyr/drivers/adc/libdrivers__adc.a(adc_nrfx_saadc.c.obj)
 .text.init_saadc
                0x00004c5c       0x44 zephyr/drivers/adc/libdrivers__adc.a(adc_nrfx_saadc.c.obj)
 .text.adc_nrfx_read
                0x00004ca0      0x1e0 zephyr/drivers/adc/libdrivers__adc.a(adc_nrfx_saadc.c.obj)
 .text.onoff_stop
                0x00004e80       0x30 zephyr/drivers/clock_control/libdrivers__clock_control.a(clock_control_nrf.c.obj)
 .text.onoff_start
                0x00004eb0       0x44 zephyr/drivers/clock_control/libdrivers__clock_control.a(clock_control_nrf.c.obj)
 .text.clk_init
                0x00004ef4       0x5c zephyr/drivers/clock_control/libdrivers__clock_control.a(clock_control_nrf.c.obj)
 .text.api_blocking_start
                0x00004f50       0x30 zephyr/drivers/clock_control/libdrivers__clock_control.a(clock_control_nrf.c.obj)
 .text.generic_hfclk_stop
                0x00004f80       0x34 zephyr/drivers/clock_control/libdrivers__clock_control.a(clock_control_nrf.c.obj)
 .text.clkstarted_handle.constprop.0
                0x00004fb4       0x4c zephyr/drivers/clock_control/libdrivers__clock_control.a(clock_control_nrf.c.obj)
 .text.clock_event_handler
                0x00005000       0x34 zephyr/drivers/clock_control/libdrivers__clock_control.a(clock_control_nrf.c.obj)
 .text.generic_hfclk_start
                0x00005034       0x78 zephyr/drivers/clock_control/libdrivers__clock_control.a(clock_control_nrf.c.obj)
 .text.z_nrf_clock_control_get_onoff
                0x000050ac       0x10 zephyr/drivers/clock_control/libdrivers__clock_control.a(clock_control_nrf.c.obj)
                0x000050ac                z_nrf_clock_control_get_onoff
 .text.z_nrf_clock_control_lf_on
                0x000050bc       0xb4 zephyr/drivers/clock_control/libdrivers__clock_control.a(clock_control_nrf.c.obj)
                0x000050bc                z_nrf_clock_control_lf_on
 .text.start_cal_process
                0x00005170       0x48 zephyr/drivers/clock_control/libdrivers__clock_control.a(nrf_clock_calibration.c.obj)
 .text.start_cycle
                0x000051b8       0x38 zephyr/drivers/clock_control/libdrivers__clock_control.a(nrf_clock_calibration.c.obj)
 .text.measure_temperature
                0x000051f0       0x8c zephyr/drivers/clock_control/libdrivers__clock_control.a(nrf_clock_calibration.c.obj)
 .text.cal_hf_callback
                0x0000527c       0x2c zephyr/drivers/clock_control/libdrivers__clock_control.a(nrf_clock_calibration.c.obj)
 .text.z_nrf_clock_calibration_init
                0x000052a8       0x1c zephyr/drivers/clock_control/libdrivers__clock_control.a(nrf_clock_calibration.c.obj)
                0x000052a8                z_nrf_clock_calibration_init
 .text.z_nrf_clock_calibration_lfclk_started
                0x000052c4       0x10 zephyr/drivers/clock_control/libdrivers__clock_control.a(nrf_clock_calibration.c.obj)
                0x000052c4                z_nrf_clock_calibration_lfclk_started
 .text.z_nrf_clock_calibration_lfclk_stopped
                0x000052d4        0xc zephyr/drivers/clock_control/libdrivers__clock_control.a(nrf_clock_calibration.c.obj)
                0x000052d4                z_nrf_clock_calibration_lfclk_stopped
 .text.z_nrf_clock_calibration_done_handler
                0x000052e0       0x10 zephyr/drivers/clock_control/libdrivers__clock_control.a(nrf_clock_calibration.c.obj)
                0x000052e0                z_nrf_clock_calibration_done_handler
 .text.uart_console_init
                0x000052f0       0x28 zephyr/drivers/console/libdrivers__console.a(uart_console.c.obj)
 .text.console_out
                0x00005318       0x28 zephyr/drivers/console/libdrivers__console.a(uart_console.c.obj)
 .text.gpio_nrfx_pin_configure
                0x00005340      0x184 zephyr/drivers/gpio/libdrivers__gpio.a(gpio_nrfx.c.obj)
 .text.nrfx_gpio_handler
                0x000054c4       0x4c zephyr/drivers/gpio/libdrivers__gpio.a(gpio_nrfx.c.obj)
 .text.gpio_nrfx_init
                0x00005510       0x3c zephyr/drivers/gpio/libdrivers__gpio.a(gpio_nrfx.c.obj)
 .text.gpio_nrfx_pin_interrupt_configure
                0x0000554c      0x104 zephyr/drivers/gpio/libdrivers__gpio.a(gpio_nrfx.c.obj)
 .text.nrf_gpio_pin_port_decode
                0x00005650       0x20 zephyr/drivers/pinctrl/libdrivers__pinctrl.a(pinctrl_nrf.c.obj)
 .text.pinctrl_configure_pins
                0x00005670      0x17c zephyr/drivers/pinctrl/libdrivers__pinctrl.a(pinctrl_nrf.c.obj)
                0x00005670                pinctrl_configure_pins
 .text.hfclk_on_callback
                0x000057ec        0xc zephyr/drivers/sensor/nordic/temp/libdrivers__sensor__nordic__temp.a(temp_nrf5.c.obj)
 .text.temp_nrf5_channel_get
                0x000057f8       0x2c zephyr/drivers/sensor/nordic/temp/libdrivers__sensor__nordic__temp.a(temp_nrf5.c.obj)
 .text.temp_nrf5_isr
                0x00005824       0x18 zephyr/drivers/sensor/nordic/temp/libdrivers__sensor__nordic__temp.a(temp_nrf5.c.obj)
 .text.temp_nrf5_sample_fetch
                0x0000583c       0x78 zephyr/drivers/sensor/nordic/temp/libdrivers__sensor__nordic__temp.a(temp_nrf5.c.obj)
 .text.temp_nrf5_init
                0x000058b4       0x40 zephyr/drivers/sensor/nordic/temp/libdrivers__sensor__nordic__temp.a(temp_nrf5.c.obj)
 .text.sht3xd_channel_get
                0x000058f4       0x68 zephyr/drivers/sensor/sensirion/sht3xd/libdrivers__sensor__sensirion__sht3xd.a(sht3xd.c.obj)
 .text.get      0x0000595c       0xc8 zephyr/drivers/sensor/voltage_divider/libdrivers__sensor__voltage_divider.a(voltage.c.obj)
 .text.voltage_init
                0x00005a24      0x120 zephyr/drivers/sensor/voltage_divider/libdrivers__sensor__voltage_divider.a(voltage.c.obj)
 .text.event_txdrdy_check
                0x00005b44       0x20 zephyr/drivers/serial/libdrivers__serial.a(uart_nrfx_uart.c.obj)
 .text.uart_nrfx_poll_in
                0x00005b64       0x24 zephyr/drivers/serial/libdrivers__serial.a(uart_nrfx_uart.c.obj)
 .text.uart_nrfx_err_check
                0x00005b88       0x10 zephyr/drivers/serial/libdrivers__serial.a(uart_nrfx_uart.c.obj)
 .text.uart_nrfx_fifo_read
                0x00005b98       0x2c zephyr/drivers/serial/libdrivers__serial.a(uart_nrfx_uart.c.obj)
 .text.uart_nrfx_irq_tx_enable
                0x00005bc4       0x48 zephyr/drivers/serial/libdrivers__serial.a(uart_nrfx_uart.c.obj)
 .text.uart_nrfx_irq_tx_disable
                0x00005c0c        0xc zephyr/drivers/serial/libdrivers__serial.a(uart_nrfx_uart.c.obj)
 .text.uart_nrfx_irq_rx_enable
                0x00005c18       0x10 zephyr/drivers/serial/libdrivers__serial.a(uart_nrfx_uart.c.obj)
 .text.uart_nrfx_irq_rx_disable
                0x00005c28       0x10 zephyr/drivers/serial/libdrivers__serial.a(uart_nrfx_uart.c.obj)
 .text.uart_nrfx_irq_tx_ready_complete
                0x00005c38       0x28 zephyr/drivers/serial/libdrivers__serial.a(uart_nrfx_uart.c.obj)
 .text.uart_nrfx_irq_rx_ready
                0x00005c60       0x14 zephyr/drivers/serial/libdrivers__serial.a(uart_nrfx_uart.c.obj)
 .text.uart_nrfx_irq_err_enable
                0x00005c74       0x10 zephyr/drivers/serial/libdrivers__serial.a(uart_nrfx_uart.c.obj)
 .text.uart_nrfx_irq_err_disable
                0x00005c84       0x10 zephyr/drivers/serial/libdrivers__serial.a(uart_nrfx_uart.c.obj)
 .text.uart_nrfx_irq_is_pending
                0x00005c94       0x34 zephyr/drivers/serial/libdrivers__serial.a(uart_nrfx_uart.c.obj)
 .text.uart_nrfx_irq_callback_set
                0x00005cc8       0x14 zephyr/drivers/serial/libdrivers__serial.a(uart_nrfx_uart.c.obj)
 .text.uart_nrfx_isr
                0x00005cdc       0x4c zephyr/drivers/serial/libdrivers__serial.a(uart_nrfx_uart.c.obj)
 .text.uart_nrfx_poll_out
                0x00005d28       0x84 zephyr/drivers/serial/libdrivers__serial.a(uart_nrfx_uart.c.obj)
 .text.uart_nrfx_init
                0x00005dac      0x1c4 zephyr/drivers/serial/libdrivers__serial.a(uart_nrfx_uart.c.obj)
 .text.uart_nrfx_fifo_fill
                0x00005f70       0x38 zephyr/drivers/serial/libdrivers__serial.a(uart_nrfx_uart.c.obj)
 .text.compare_int_lock
                0x00005fa8       0x4c zephyr/drivers/timer/libdrivers__timer.a(nrf_rtc_timer.c.obj)
 .text.sys_clock_timeout_handler
                0x00005ff4       0x58 zephyr/drivers/timer/libdrivers__timer.a(nrf_rtc_timer.c.obj)
 .text.compare_int_unlock
                0x0000604c       0x5c zephyr/drivers/timer/libdrivers__timer.a(nrf_rtc_timer.c.obj)
 .text.z_nrf_rtc_timer_read
                0x000060a8       0x44 zephyr/drivers/timer/libdrivers__timer.a(nrf_rtc_timer.c.obj)
                0x000060a8                z_nrf_rtc_timer_read
 .text.compare_set
                0x000060ec      0x130 zephyr/drivers/timer/libdrivers__timer.a(nrf_rtc_timer.c.obj)
 .text.sys_clock_driver_init
                0x0000621c       0x90 zephyr/drivers/timer/libdrivers__timer.a(nrf_rtc_timer.c.obj)
 .text.rtc_nrf_isr
                0x000062ac       0xd0 zephyr/drivers/timer/libdrivers__timer.a(nrf_rtc_timer.c.obj)
                0x000062ac                rtc_nrf_isr
 .text.sys_clock_set_timeout
                0x0000637c       0x5c zephyr/drivers/timer/libdrivers__timer.a(nrf_rtc_timer.c.obj)
                0x0000637c                sys_clock_set_timeout
 .text.sys_clock_elapsed
                0x000063d8       0x14 zephyr/drivers/timer/libdrivers__timer.a(nrf_rtc_timer.c.obj)
                0x000063d8                sys_clock_elapsed
 .text.nvmc_wait
                0x000063ec       0x10 modules/hal_nordic/modules/hal_nordic/nrfx/libnrfx.a(system_nrf52840.c.obj)
                0x000063ec                nvmc_wait
 .text.SystemInit
                0x000063fc      0x1ac modules/hal_nordic/modules/hal_nordic/nrfx/libnrfx.a(system_nrf52840.c.obj)
                0x000063fc                SystemInit
 .text.hfclk_event_handler
                0x000065a8        0xc modules/hal_nordic/modules/hal_nordic/nrfx/libnrfx.a(nrfx_clock.c.obj)
 .text.lfclk_event_handler
                0x000065b4        0xc modules/hal_nordic/modules/hal_nordic/nrfx/libnrfx.a(nrfx_clock.c.obj)
 .text.nrfx_clock_init
                0x000065c0       0x40 modules/hal_nordic/modules/hal_nordic/nrfx/libnrfx.a(nrfx_clock.c.obj)
                0x000065c0                nrfx_clock_init
 .text.nrfx_clock_enable
                0x00006600       0x24 modules/hal_nordic/modules/hal_nordic/nrfx/libnrfx.a(nrfx_clock.c.obj)
                0x00006600                nrfx_clock_enable
 .text.clock_stop
                0x00006624       0x4c modules/hal_nordic/modules/hal_nordic/nrfx/libnrfx.a(nrfx_clock_hfclk.c.obj)
 .text.nrfx_clock_hfclk_init
                0x00006670       0x28 modules/hal_nordic/modules/hal_nordic/nrfx/libnrfx.a(nrfx_clock_hfclk.c.obj)
                0x00006670                nrfx_clock_hfclk_init
 .text.nrfx_clock_hfclk_start
                0x00006698       0x38 modules/hal_nordic/modules/hal_nordic/nrfx/libnrfx.a(nrfx_clock_hfclk.c.obj)
                0x00006698                nrfx_clock_hfclk_start
 .text.nrfx_clock_hfclk_irq_handler
                0x000066d0       0x40 modules/hal_nordic/modules/hal_nordic/nrfx/libnrfx.a(nrfx_clock_hfclk.c.obj)
                0x000066d0                nrfx_clock_hfclk_irq_handler
 .text.nrfx_clock_lfclk_init
                0x00006710       0x24 modules/hal_nordic/modules/hal_nordic/nrfx/libnrfx.a(nrfx_clock_lfclk.c.obj)
                0x00006710                nrfx_clock_lfclk_init
 .text.nrfx_clock_lfclk_start
                0x00006734       0x78 modules/hal_nordic/modules/hal_nordic/nrfx/libnrfx.a(nrfx_clock_lfclk.c.obj)
                0x00006734                nrfx_clock_lfclk_start
 .text.nrfx_clock_lfclk_calibration_start
                0x000067ac       0x78 modules/hal_nordic/modules/hal_nordic/nrfx/libnrfx.a(nrfx_clock_lfclk.c.obj)
                0x000067ac                nrfx_clock_lfclk_calibration_start
 .text.nrfx_clock_lfclk_irq_handler
                0x00006824       0x68 modules/hal_nordic/modules/hal_nordic/nrfx/libnrfx.a(nrfx_clock_lfclk.c.obj)
                0x00006824                nrfx_clock_lfclk_irq_handler
 .text.nrf_gpio_pin_port_decode
                0x0000688c       0x20 modules/hal_nordic/modules/hal_nordic/nrfx/libnrfx.a(nrfx_gpiote.c.obj)
 .text.get_pin_idx
                0x000068ac       0x14 modules/hal_nordic/modules/hal_nordic/nrfx/libnrfx.a(nrfx_gpiote.c.obj)
 .text.latch_pending_read_and_check
                0x000068c0       0x60 modules/hal_nordic/modules/hal_nordic/nrfx/libnrfx.a(nrfx_gpiote.c.obj)
 .text.pin_uninit
                0x00006920       0x78 modules/hal_nordic/modules/hal_nordic/nrfx/libnrfx.a(nrfx_gpiote.c.obj)
 .text.nrfx_gpiote_channel_free
                0x00006998        0xc modules/hal_nordic/modules/hal_nordic/nrfx/libnrfx.a(nrfx_gpiote.c.obj)
                0x00006998                nrfx_gpiote_channel_free
 .text.nrfx_gpiote_channel_alloc
                0x000069a4       0x18 modules/hal_nordic/modules/hal_nordic/nrfx/libnrfx.a(nrfx_gpiote.c.obj)
                0x000069a4                nrfx_gpiote_channel_alloc
 .text.nrfx_gpiote_irq_handler
                0x000069bc      0x1cc modules/hal_nordic/modules/hal_nordic/nrfx/libnrfx.a(nrfx_gpiote.c.obj)
                0x000069bc                nrfx_gpiote_irq_handler
 .text.nrfx_power_init
                0x00006b88       0x64 modules/hal_nordic/modules/hal_nordic/nrfx/libnrfx.a(nrfx_power.c.obj)
                0x00006b88                nrfx_power_init
 .text.nrfx_power_usbevt_uninit
                0x00006bec       0x18 modules/hal_nordic/modules/hal_nordic/nrfx/libnrfx.a(nrfx_power.c.obj)
                0x00006bec                nrfx_power_usbevt_uninit
 .text.nrfx_power_usbevt_init
                0x00006c04       0x14 modules/hal_nordic/modules/hal_nordic/nrfx/libnrfx.a(nrfx_power.c.obj)
                0x00006c04                nrfx_power_usbevt_init
 .text.nrfx_power_irq_handler
                0x00006c18       0xa0 modules/hal_nordic/modules/hal_nordic/nrfx/libnrfx.a(nrfx_power.c.obj)
                0x00006c18                nrfx_power_irq_handler
 .text.nrfx_saadc_ain_get
                0x00006cb8       0x28 modules/hal_nordic/modules/hal_nordic/nrfx/libnrfx.a(nrfx_saadc.c.obj)
 .text.saadc_busy_check
                0x00006ce0       0x20 modules/hal_nordic/modules/hal_nordic/nrfx/libnrfx.a(nrfx_saadc.c.obj)
 .text.saadc_pre_calibration_state_restore
                0x00006d00       0x64 modules/hal_nordic/modules/hal_nordic/nrfx/libnrfx.a(nrfx_saadc.c.obj)
 .text.saadc_channels_deconfig
                0x00006d64       0x3c modules/hal_nordic/modules/hal_nordic/nrfx/libnrfx.a(nrfx_saadc.c.obj)
 .text.__nrfy_internal_saadc_events_process.constprop.0
                0x00006da0       0x8c modules/hal_nordic/modules/hal_nordic/nrfx/libnrfx.a(nrfx_saadc.c.obj)
 .text.saadc_generic_mode_set
                0x00006e2c      0x128 modules/hal_nordic/modules/hal_nordic/nrfx/libnrfx.a(nrfx_saadc.c.obj)
 .text.saadc_channel_config
                0x00006f54       0xa4 modules/hal_nordic/modules/hal_nordic/nrfx/libnrfx.a(nrfx_saadc.c.obj)
 .text.saadc_disable
                0x00006ff8       0x2c modules/hal_nordic/modules/hal_nordic/nrfx/libnrfx.a(nrfx_saadc.c.obj)
 .text.nrfx_saadc_init
                0x00007024       0x90 modules/hal_nordic/modules/hal_nordic/nrfx/libnrfx.a(nrfx_saadc.c.obj)
                0x00007024                nrfx_saadc_init
 .text.nrfx_saadc_channels_configured_get
                0x000070b4        0xc modules/hal_nordic/modules/hal_nordic/nrfx/libnrfx.a(nrfx_saadc.c.obj)
                0x000070b4                nrfx_saadc_channels_configured_get
 .text.nrfx_saadc_simple_mode_set
                0x000070c0       0x6c modules/hal_nordic/modules/hal_nordic/nrfx/libnrfx.a(nrfx_saadc.c.obj)
                0x000070c0                nrfx_saadc_simple_mode_set
 .text.nrfx_saadc_advanced_mode_set
                0x0000712c       0xa0 modules/hal_nordic/modules/hal_nordic/nrfx/libnrfx.a(nrfx_saadc.c.obj)
                0x0000712c                nrfx_saadc_advanced_mode_set
 .text.nrfx_saadc_buffer_set
                0x000071cc       0x80 modules/hal_nordic/modules/hal_nordic/nrfx/libnrfx.a(nrfx_saadc.c.obj)
                0x000071cc                nrfx_saadc_buffer_set
 .text.nrfx_saadc_mode_trigger
                0x0000724c      0x15c modules/hal_nordic/modules/hal_nordic/nrfx/libnrfx.a(nrfx_saadc.c.obj)
                0x0000724c                nrfx_saadc_mode_trigger
 .text.nrfx_saadc_offset_calibrate
                0x000073a8       0xc4 modules/hal_nordic/modules/hal_nordic/nrfx/libnrfx.a(nrfx_saadc.c.obj)
                0x000073a8                nrfx_saadc_offset_calibrate
 .text.nrfx_saadc_irq_handler
                0x0000746c      0x1a0 modules/hal_nordic/modules/hal_nordic/nrfx/libnrfx.a(nrfx_saadc.c.obj)
                0x0000746c                nrfx_saadc_irq_handler
 .text.twi_tx_start_transfer
                0x0000760c       0xec modules/hal_nordic/modules/hal_nordic/nrfx/libnrfx.a(nrfx_twi.c.obj)
 .text.twi_rx_start_transfer
                0x000076f8       0xcc modules/hal_nordic/modules/hal_nordic/nrfx/libnrfx.a(nrfx_twi.c.obj)
 .text.nrfx_twi_init
                0x000077c4       0xbc modules/hal_nordic/modules/hal_nordic/nrfx/libnrfx.a(nrfx_twi.c.obj)
                0x000077c4                nrfx_twi_init
 .text.nrfx_twi_disable
                0x00007880       0x2c modules/hal_nordic/modules/hal_nordic/nrfx/libnrfx.a(nrfx_twi.c.obj)
                0x00007880                nrfx_twi_disable
 .text.nrfx_twi_xfer
                0x000078ac       0xb0 modules/hal_nordic/modules/hal_nordic/nrfx/libnrfx.a(nrfx_twi.c.obj)
                0x000078ac                nrfx_twi_xfer
 .text.nrf_gpio_pin_port_decode
                0x0000795c       0x20 modules/hal_nordic/modules/hal_nordic/nrfx/libnrfx.a(nrfx_twi_twim.c.obj)
 .text.nrfx_twi_twim_bus_recover
                0x0000797c       0xdc modules/hal_nordic/modules/hal_nordic/nrfx/libnrfx.a(nrfx_twi_twim.c.obj)
                0x0000797c                nrfx_twi_twim_bus_recover
 .text.z_fatal_error
                0x00007a58       0x30 zephyr/kernel/libkernel.a(fatal.c.obj)
                0x00007a58                z_fatal_error
 .text.z_sys_init_run_level
                0x00007a88       0x30 zephyr/kernel/libkernel.a(init.c.obj)
 .text.bg_thread_main
                0x00007ab8       0xc0 zephyr/kernel/libkernel.a(init.c.obj)
 .text.z_init_cpu
                0x00007b78       0x68 zephyr/kernel/libkernel.a(init.c.obj)
                0x00007b78                z_init_cpu
 .text.z_cstart
                0x00007be0       0xcc zephyr/kernel/libkernel.a(init.c.obj)
                0x00007be0                z_cstart
 .text.statics_init
                0x00007cac       0x24 zephyr/kernel/libkernel.a(kheap.c.obj)
 .text.k_heap_aligned_alloc
                0x00007cd0       0x1c zephyr/kernel/libkernel.a(kheap.c.obj)
                0x00007cd0                k_heap_aligned_alloc
 .text.init_mem_slab_obj_core_list
                0x00007cec       0x28 zephyr/kernel/libkernel.a(mem_slab.c.obj)
 .text.k_mem_slab_alloc
                0x00007d14       0x5c zephyr/kernel/libkernel.a(mem_slab.c.obj)
                0x00007d14                k_mem_slab_alloc
 .text.put_msg_in_queue
                0x00007d70       0xcc zephyr/kernel/libkernel.a(msg_q.c.obj)
 .text.z_impl_k_msgq_get
                0x00007e3c       0xc8 zephyr/kernel/libkernel.a(msg_q.c.obj)
                0x00007e3c                z_impl_k_msgq_get
 .text.z_impl_k_mutex_lock
                0x00007f04       0xe4 zephyr/kernel/libkernel.a(mutex.c.obj)
                0x00007f04                z_impl_k_mutex_lock
 .text.z_impl_k_mutex_unlock
                0x00007fe8       0xa0 zephyr/kernel/libkernel.a(mutex.c.obj)
                0x00007fe8                z_impl_k_mutex_unlock
 .text.z_impl_k_queue_get
                0x00008088       0x64 zephyr/kernel/libkernel.a(queue.c.obj)
                0x00008088                z_impl_k_queue_get
 .text.z_impl_k_sem_give
                0x000080ec       0x68 zephyr/kernel/libkernel.a(sem.c.obj)
                0x000080ec                z_impl_k_sem_give
 .text.z_impl_k_sem_take
                0x00008154       0x4c zephyr/kernel/libkernel.a(sem.c.obj)
                0x00008154                z_impl_k_sem_take
 .text.z_impl_k_sem_reset
                0x000081a0       0x70 zephyr/kernel/libkernel.a(sem.c.obj)
                0x000081a0                z_impl_k_sem_reset
 .text.work_queue_main
                0x00008210      0x160 zephyr/kernel/libkernel.a(work.c.obj)
 .text.submit_to_queue_locked
                0x00008370       0xa4 zephyr/kernel/libkernel.a(work.c.obj)
 .text.k_work_submit
                0x00008414        0xc zephyr/kernel/libkernel.a(work.c.obj)
                0x00008414                k_work_submit
 .text.k_work_queue_start
                0x00008420       0x80 zephyr/kernel/libkernel.a(work.c.obj)
                0x00008420                k_work_queue_start
 .text.k_work_schedule_for_queue
                0x000084a0       0x54 zephyr/kernel/libkernel.a(work.c.obj)
                0x000084a0                k_work_schedule_for_queue
 .text.k_work_schedule
                0x000084f4        0xc zephyr/kernel/libkernel.a(work.c.obj)
                0x000084f4                k_work_schedule
 .text.k_work_reschedule_for_queue
                0x00008500       0x5c zephyr/kernel/libkernel.a(work.c.obj)
                0x00008500                k_work_reschedule_for_queue
 .text.k_work_reschedule
                0x0000855c        0xc zephyr/kernel/libkernel.a(work.c.obj)
                0x0000855c                k_work_reschedule
 .text.z_impl_k_condvar_broadcast
                0x00008568       0x74 zephyr/kernel/libkernel.a(condvar.c.obj)
                0x00008568                z_impl_k_condvar_broadcast
 .text.z_impl_k_condvar_wait
                0x000085dc       0x60 zephyr/kernel/libkernel.a(condvar.c.obj)
                0x000085dc                z_impl_k_condvar_wait
 .text.z_setup_new_thread
                0x0000863c       0x7c zephyr/kernel/libkernel.a(thread.c.obj)
                0x0000863c                z_setup_new_thread
 .text.z_impl_k_thread_create
                0x000086b8       0x58 zephyr/kernel/libkernel.a(thread.c.obj)
                0x000086b8                z_impl_k_thread_create
 .text.z_dummy_thread_init
                0x00008710       0x18 zephyr/kernel/libkernel.a(thread.c.obj)
                0x00008710                z_dummy_thread_init
 .text.z_swap_irqlock
                0x00008728       0x34 zephyr/kernel/libkernel.a(sched.c.obj)
 .text.ready_thread
                0x0000875c       0x80 zephyr/kernel/libkernel.a(sched.c.obj)
 .text.unready_thread
                0x000087dc       0x54 zephyr/kernel/libkernel.a(sched.c.obj)
 .text.add_thread_timeout
                0x00008830       0x1c zephyr/kernel/libkernel.a(sched.c.obj)
 .text.reschedule.isra.0
                0x0000884c       0x28 zephyr/kernel/libkernel.a(sched.c.obj)
 .text.move_current_to_end_of_prio_q
                0x00008874       0x6c zephyr/kernel/libkernel.a(sched.c.obj)
                0x00008874                move_current_to_end_of_prio_q
 .text.z_pend_curr
                0x000088e0       0x44 zephyr/kernel/libkernel.a(sched.c.obj)
                0x000088e0                z_pend_curr
 .text.z_thread_prio_set
                0x00008924       0xd8 zephyr/kernel/libkernel.a(sched.c.obj)
                0x00008924                z_thread_prio_set
 .text.z_reschedule_irqlock
                0x000089fc       0x28 zephyr/kernel/libkernel.a(sched.c.obj)
                0x000089fc                z_reschedule_irqlock
 .text.k_sched_lock
                0x00008a24       0x28 zephyr/kernel/libkernel.a(sched.c.obj)
                0x00008a24                k_sched_lock
 .text.k_sched_unlock
                0x00008a4c       0x54 zephyr/kernel/libkernel.a(sched.c.obj)
                0x00008a4c                k_sched_unlock
 .text.z_sched_init
                0x00008aa0       0x10 zephyr/kernel/libkernel.a(sched.c.obj)
                0x00008aa0                z_sched_init
 .text.z_impl_k_yield
                0x00008ab0       0x84 zephyr/kernel/libkernel.a(sched.c.obj)
                0x00008ab0                z_impl_k_yield
 .text.z_tick_sleep
                0x00008b34       0x78 zephyr/kernel/libkernel.a(sched.c.obj)
 .text.z_impl_k_sched_current_thread_query
                0x00008bac        0xc zephyr/kernel/libkernel.a(sched.c.obj)
                0x00008bac                z_impl_k_sched_current_thread_query
 .text.z_thread_abort
                0x00008bb8      0x13c zephyr/kernel/libkernel.a(sched.c.obj)
                0x00008bb8                z_thread_abort
 .text.z_sched_wait
                0x00008cf4       0x24 zephyr/kernel/libkernel.a(sched.c.obj)
                0x00008cf4                z_sched_wait
 .text.z_time_slice_size
                0x00008d18       0x40 zephyr/kernel/libkernel.a(timeslicing.c.obj)
 .text.slice_timeout
                0x00008d58       0x20 zephyr/kernel/libkernel.a(timeslicing.c.obj)
 .text.z_reset_time_slice
                0x00008d78       0x44 zephyr/kernel/libkernel.a(timeslicing.c.obj)
                0x00008d78                z_reset_time_slice
 .text.z_time_slice
                0x00008dbc       0x5c zephyr/kernel/libkernel.a(timeslicing.c.obj)
                0x00008dbc                z_time_slice
 .text.first    0x00008e18       0x10 zephyr/kernel/libkernel.a(timeout.c.obj)
 .text.elapsed  0x00008e28       0x14 zephyr/kernel/libkernel.a(timeout.c.obj)
 .text.remove_timeout
                0x00008e3c       0x38 zephyr/kernel/libkernel.a(timeout.c.obj)
 .text.z_add_timeout
                0x00008e74      0x120 zephyr/kernel/libkernel.a(timeout.c.obj)
                0x00008e74                z_add_timeout
 .text.sys_clock_announce_locked
                0x00008f94       0xb8 zephyr/kernel/libkernel.a(timeout.c.obj)
                0x00008f94                sys_clock_announce_locked
 .text.sys_clock_tick_get
                0x0000904c       0x30 zephyr/kernel/libkernel.a(timeout.c.obj)
                0x0000904c                sys_clock_tick_get
 .text.z_timer_expiration_handler
                0x0000907c      0x10c zephyr/kernel/libkernel.a(timer.c.obj)
                0x0000907c                z_timer_expiration_handler
 .text.z_impl_k_timer_start
                0x00009188       0x70 zephyr/kernel/libkernel.a(timer.c.obj)
                0x00009188                z_impl_k_timer_start
 .text.z_impl_k_timer_stop
                0x000091f8       0x60 zephyr/kernel/libkernel.a(timer.c.obj)
                0x000091f8                z_impl_k_timer_stop
 .text.z_impl_k_timer_status_sync
                0x00009258       0x54 zephyr/kernel/libkernel.a(timer.c.obj)
                0x00009258                z_impl_k_timer_status_sync
 .text.k_event_post_internal
                0x000092ac       0x4c zephyr/kernel/libkernel.a(events.c.obj)
 .text.z_thread_alloc_helper
                0x000092f8       0x4c zephyr/kernel/libkernel.a(mempool.c.obj)
 .text.z_thread_malloc
                0x00009344       0x10 zephyr/kernel/libkernel.a(mempool.c.obj)
                0x00009344                z_thread_malloc
 .text.k_sys_work_q_init
                0x00009354       0x2c zephyr/kernel/libkernel.a(system_work_q.c.obj)
 .text.nrf_cc3xx_platform_init_no_rng
                0x00009380       0x38 C:/ncs/v3.4.0/nrfxlib/crypto/nrf_cc310_platform/lib/cortex-m4/soft-float/no-interrupts/libnrf_cc310_platform_0.9.22.a(nrf_cc3xx_platform.c.obj)
                0x00009380                nrf_cc3xx_platform_init_no_rng
 .text.nrf_cc3xx_platform_abort
                0x000093b8       0x24 C:/ncs/v3.4.0/nrfxlib/crypto/nrf_cc310_platform/lib/cortex-m4/soft-float/no-interrupts/libnrf_cc310_platform_0.9.22.a(nrf_cc3xx_platform_abort.c.obj)
 .text.CC_PalAbort
                0x000093dc       0x34 C:/ncs/v3.4.0/nrfxlib/crypto/nrf_cc310_platform/lib/cortex-m4/soft-float/no-interrupts/libnrf_cc310_platform_0.9.22.a(nrf_cc3xx_platform_abort.c.obj)
                0x000093dc                CC_PalAbort
 .text.nrf_cc3xx_platform_set_abort
                0x00009410       0x10 C:/ncs/v3.4.0/nrfxlib/crypto/nrf_cc310_platform/lib/cortex-m4/soft-float/no-interrupts/libnrf_cc310_platform_0.9.22.a(nrf_cc3xx_platform_abort.c.obj)
                0x00009410                nrf_cc3xx_platform_set_abort
 .text.mutex_free
                0x00009420       0x34 C:/ncs/v3.4.0/nrfxlib/crypto/nrf_cc310_platform/lib/cortex-m4/soft-float/no-interrupts/libnrf_cc310_platform_0.9.22.a(nrf_cc3xx_platform_mutex.c.obj)
 .text.mutex_lock
                0x00009454       0x48 C:/ncs/v3.4.0/nrfxlib/crypto/nrf_cc310_platform/lib/cortex-m4/soft-float/no-interrupts/libnrf_cc310_platform_0.9.22.a(nrf_cc3xx_platform_mutex.c.obj)
 .text.mutex_unlock
                0x0000949c       0x38 C:/ncs/v3.4.0/nrfxlib/crypto/nrf_cc310_platform/lib/cortex-m4/soft-float/no-interrupts/libnrf_cc310_platform_0.9.22.a(nrf_cc3xx_platform_mutex.c.obj)
 .text.mutex_init
                0x000094d4       0x20 C:/ncs/v3.4.0/nrfxlib/crypto/nrf_cc310_platform/lib/cortex-m4/soft-float/no-interrupts/libnrf_cc310_platform_0.9.22.a(nrf_cc3xx_platform_mutex.c.obj)
 .text.nrf_cc3xx_platform_set_mutexes
                0x000094f4       0x80 C:/ncs/v3.4.0/nrfxlib/crypto/nrf_cc310_platform/lib/cortex-m4/soft-float/no-interrupts/libnrf_cc310_platform_0.9.22.a(nrf_cc3xx_platform_mutex.c.obj)
                0x000094f4                nrf_cc3xx_platform_set_mutexes
 .text.CC_LibInitNoRng
                0x00009574       0x2c C:/ncs/v3.4.0/nrfxlib/crypto/nrf_cc310_platform/lib/cortex-m4/soft-float/no-interrupts/libnrf_cc310_platform_0.9.22.a(cc_lib.c.obj)
                0x00009574                CC_LibInitNoRng
 .text.CC_HalInit
                0x000095a0        0x4 C:/ncs/v3.4.0/nrfxlib/crypto/nrf_cc310_platform/lib/cortex-m4/soft-float/no-interrupts/libnrf_cc310_platform_0.9.22.a(cc_hal.c.obj)
                0x000095a0                CC_HalInit
 .text.CC_HalTerminate
                0x000095a4        0x4 C:/ncs/v3.4.0/nrfxlib/crypto/nrf_cc310_platform/lib/cortex-m4/soft-float/no-interrupts/libnrf_cc310_platform_0.9.22.a(cc_hal.c.obj)
                0x000095a4                CC_HalTerminate
 .text.CC_PalInit
                0x000095a8       0x74 C:/ncs/v3.4.0/nrfxlib/crypto/nrf_cc310_platform/lib/cortex-m4/soft-float/no-interrupts/libnrf_cc310_platform_0.9.22.a(cc_pal.c.obj)
                0x000095a8                CC_PalInit
 .text.CC_PalTerminate
                0x0000961c       0x48 C:/ncs/v3.4.0/nrfxlib/crypto/nrf_cc310_platform/lib/cortex-m4/soft-float/no-interrupts/libnrf_cc310_platform_0.9.22.a(cc_pal.c.obj)
                0x0000961c                CC_PalTerminate
 .text.CC_PalDmaInit
                0x00009664        0x4 C:/ncs/v3.4.0/nrfxlib/crypto/nrf_cc310_platform/lib/cortex-m4/soft-float/no-interrupts/libnrf_cc310_platform_0.9.22.a(cc_pal_dma.c.obj)
                0x00009664                CC_PalDmaInit
 .text.CC_PalDmaTerminate
                0x00009668        0x4 C:/ncs/v3.4.0/nrfxlib/crypto/nrf_cc310_platform/lib/cortex-m4/soft-float/no-interrupts/libnrf_cc310_platform_0.9.22.a(cc_pal_dma.c.obj)
                0x00009668                CC_PalDmaTerminate
 .text.CC_PalMutexCreate
                0x0000966c       0x14 C:/ncs/v3.4.0/nrfxlib/crypto/nrf_cc310_platform/lib/cortex-m4/soft-float/no-interrupts/libnrf_cc310_platform_0.9.22.a(cc_pal_mutex.c.obj)
                0x0000966c                CC_PalMutexCreate
 .text.CC_PalMutexDestroy
                0x00009680       0x14 C:/ncs/v3.4.0/nrfxlib/crypto/nrf_cc310_platform/lib/cortex-m4/soft-float/no-interrupts/libnrf_cc310_platform_0.9.22.a(cc_pal_mutex.c.obj)
                0x00009680                CC_PalMutexDestroy
 .text.CC_PalPowerSaveModeInit
                0x00009694       0x3c C:/ncs/v3.4.0/nrfxlib/crypto/nrf_cc310_platform/lib/cortex-m4/soft-float/no-interrupts/libnrf_cc310_platform_0.9.22.a(cc_pal_pm.c.obj)
                0x00009694                CC_PalPowerSaveModeInit
 .text.__l_vfprintf
                0x000096d0      0x488 C:/ncs/toolchains/dcbdc366a1/opt/zephyr-sdk/gnu/arm-zephyr-eabi/bin/../lib/gcc/arm-zephyr-eabi/14.3.0/../../../../arm-zephyr-eabi/lib/thumb/v7e-m/nofp/space\libc.a(libc_tinystdio_vflprintf.c.o)
                0x000096d0                __l_vfprintf
 .text.vsnprintf
                0x00009b58       0x4c C:/ncs/toolchains/dcbdc366a1/opt/zephyr-sdk/gnu/arm-zephyr-eabi/bin/../lib/gcc/arm-zephyr-eabi/14.3.0/../../../../arm-zephyr-eabi/lib/thumb/v7e-m/nofp/space\libc.a(libc_tinystdio_vsnprintf.c.o)
                0x00009b58                vsnprintf
 .text._OffsetAbsSyms
                0x00009ba4        0x2 zephyr/CMakeFiles/offsets.dir/./arch/arm/core/offsets/offsets.c.obj
                0x00009ba4                _OffsetAbsSyms
 .text.chunk_size
                0x00009ba6        0xa zephyr/libzephyr.a(heap.c.obj)
 .text.free_list_add
                0x00009bb0       0x4e zephyr/libzephyr.a(heap.c.obj)
 .text.free_list_remove_bidx
                0x00009bfe       0x3a zephyr/libzephyr.a(heap.c.obj)
 .text.free_list_remove
                0x00009c38       0x1a zephyr/libzephyr.a(heap.c.obj)
 .text.alloc_chunk
                0x00009c52       0x70 zephyr/libzephyr.a(heap.c.obj)
 .text.merge_chunks
                0x00009cc2       0x2e zephyr/libzephyr.a(heap.c.obj)
 .text.split_chunks
                0x00009cf0       0x38 zephyr/libzephyr.a(heap.c.obj)
 .text.sys_heap_free
                0x00009d28       0xac zephyr/libzephyr.a(heap.c.obj)
                0x00009d28                sys_heap_free
 .text.sys_heap_alloc
                0x00009dd4       0x5a zephyr/libzephyr.a(heap.c.obj)
                0x00009dd4                sys_heap_alloc
 .text.sys_heap_noalign_alloc
                0x00009e2e        0x6 zephyr/libzephyr.a(heap.c.obj)
                0x00009e2e                sys_heap_noalign_alloc
 .text.sys_heap_aligned_alloc
                0x00009e34       0xe2 zephyr/libzephyr.a(heap.c.obj)
                0x00009e34                sys_heap_aligned_alloc
 .text.sys_heap_init
                0x00009f16       0x82 zephyr/libzephyr.a(heap.c.obj)
                0x00009f16                sys_heap_init
 .text.arch_printk_char_out
                0x00009f98        0x4 zephyr/libzephyr.a(printk.c.obj)
                0x00009f98                arch_printk_char_out
 .text.printk   0x00009f9c       0x1a zephyr/libzephyr.a(printk.c.obj)
                0x00009f9c                printk
 .text.sys_slist_find_and_remove
                0x00009fb6       0x36 zephyr/libzephyr.a(onoff.c.obj)
 .text.process_recheck
                0x00009fec       0x38 zephyr/libzephyr.a(onoff.c.obj)
 .text.validate_args
                0x0000a024       0x20 zephyr/libzephyr.a(onoff.c.obj)
 .text.notify_one
                0x0000a044       0x2c zephyr/libzephyr.a(onoff.c.obj)
 .text.transition_complete
                0x0000a070       0x1a zephyr/libzephyr.a(onoff.c.obj)
 .text.onoff_manager_init
                0x0000a08a       0x26 zephyr/libzephyr.a(onoff.c.obj)
                0x0000a08a                onoff_manager_init
 .text.onoff_request
                0x0000a0b0       0x96 zephyr/libzephyr.a(onoff.c.obj)
                0x0000a0b0                onoff_request
 .text.onoff_release
                0x0000a146       0x48 zephyr/libzephyr.a(onoff.c.obj)
                0x0000a146                onoff_release
 .text.onoff_cancel
                0x0000a18e       0x36 zephyr/libzephyr.a(onoff.c.obj)
                0x0000a18e                onoff_cancel
 .text.sys_notify_validate
                0x0000a1c4       0x22 zephyr/libzephyr.a(notify.c.obj)
                0x0000a1c4                sys_notify_validate
 .text.sys_notify_finalize
                0x0000a1e6       0x1a zephyr/libzephyr.a(notify.c.obj)
                0x0000a1e6                sys_notify_finalize
 .text.ring_buf_area_claim
                0x0000a200       0x30 zephyr/libzephyr.a(ring_buffer.c.obj)
                0x0000a200                ring_buf_area_claim
 .text.ring_buf_put_claim
                0x0000a230       0x1e zephyr/libzephyr.a(ring_buffer.c.obj)
 .text.ring_buf_get_claim
                0x0000a24e       0x1e zephyr/libzephyr.a(ring_buffer.c.obj)
 .text.ring_buf_area_finish
                0x0000a26c       0x32 zephyr/libzephyr.a(ring_buffer.c.obj)
                0x0000a26c                ring_buf_area_finish
 .text.ring_buf_put
                0x0000a29e       0x40 zephyr/libzephyr.a(ring_buffer.c.obj)
                0x0000a29e                ring_buf_put
 .text.ring_buf_get
                0x0000a2de       0x44 zephyr/libzephyr.a(ring_buffer.c.obj)
                0x0000a2de                ring_buf_get
 .text._ConfigAbsSyms
                0x0000a322        0x2 zephyr/libzephyr.a(configs.c.obj)
                0x0000a322                _ConfigAbsSyms
 .text.abort_function
                0x0000a324        0x2 zephyr/libzephyr.a(nrf_cc3xx_platform_abort_zephyr.c.obj)
 .text.arch_early_memset
                0x0000a326        0x4 zephyr/arch/common/libarch__common.a(init.c.obj)
                0x0000a326                arch_early_memset
 .text.arch_early_memcpy
                0x0000a32a        0x4 zephyr/arch/common/libarch__common.a(init.c.obj)
                0x0000a32a                arch_early_memcpy
 .text.z_do_kernel_oops
                0x0000a32e        0x8 zephyr/arch/arch/arm/core/libarch__arm__core.a(fatal.c.obj)
                0x0000a32e                z_do_kernel_oops
 .text.z_arm_nmi
                0x0000a336        0xe zephyr/arch/arch/arm/core/libarch__arm__core.a(nmi.c.obj)
                0x0000a336                z_arm_nmi
 .text.z_irq_spurious
                0x0000a344        0x8 zephyr/arch/arch/arm/core/cortex_m/libarch__arm__core__cortex_m.a(irq_manage.c.obj)
                0x0000a344                z_irq_spurious
 .text.arch_coprocessors_disable
                0x0000a34c        0x6 zephyr/arch/arch/arm/core/cortex_m/libarch__arm__core__cortex_m.a(thread.c.obj)
                0x0000a34c                arch_coprocessors_disable
 .text.arch_irq_unlock_outlined
                0x0000a352        0xe zephyr/arch/arch/arm/core/cortex_m/libarch__arm__core__cortex_m.a(thread.c.obj)
                0x0000a352                arch_irq_unlock_outlined
 .text.arch_cpu_idle
                0x0000a360       0x1a zephyr/arch/arch/arm/core/cortex_m/libarch__arm__core__cortex_m.a(cpu_idle.c.obj)
                0x0000a360                arch_cpu_idle
 .text.arch_cpu_atomic_idle
                0x0000a37a       0x1e zephyr/arch/arch/arm/core/cortex_m/libarch__arm__core__cortex_m.a(cpu_idle.c.obj)
                0x0000a37a                arch_cpu_atomic_idle
 .text.size_to_mpu_rasr_size
                0x0000a398       0x20 zephyr/arch/arch/arm/core/mpu/libarch__arm__core__mpu.a(arm_mpu.c.obj)
 .text.picolibc_put
                0x0000a3b8        0xa zephyr/lib/libc/picolibc/liblib__libc__picolibc.a(stdio.c.obj)
 .text.net_buf_reset
                0x0000a3c2        0xa zephyr/lib/net_buf/liblib__net_buf.a(buf.c.obj)
                0x0000a3c2                net_buf_reset
 .text.net_buf_ref
                0x0000a3cc        0x8 zephyr/lib/net_buf/liblib__net_buf.a(buf.c.obj)
                0x0000a3cc                net_buf_ref
 .text.net_buf_frag_del
                0x0000a3d4       0x18 zephyr/lib/net_buf/liblib__net_buf.a(buf.c.obj)
                0x0000a3d4                net_buf_frag_del
 .text.net_buf_simple_add
                0x0000a3ec        0xc zephyr/lib/net_buf/liblib__net_buf.a(buf_simple.c.obj)
                0x0000a3ec                net_buf_simple_add
 .text.net_buf_simple_add_mem
                0x0000a3f8       0x12 zephyr/lib/net_buf/liblib__net_buf.a(buf_simple.c.obj)
                0x0000a3f8                net_buf_simple_add_mem
 .text.net_buf_simple_add_u8
                0x0000a40a       0x10 zephyr/lib/net_buf/liblib__net_buf.a(buf_simple.c.obj)
                0x0000a40a                net_buf_simple_add_u8
 .text.net_buf_simple_add_le16
                0x0000a41a       0x14 zephyr/lib/net_buf/liblib__net_buf.a(buf_simple.c.obj)
                0x0000a41a                net_buf_simple_add_le16
 .text.net_buf_simple_remove_mem
                0x0000a42e        0xe zephyr/lib/net_buf/liblib__net_buf.a(buf_simple.c.obj)
                0x0000a42e                net_buf_simple_remove_mem
 .text.net_buf_simple_pull
                0x0000a43c       0x10 zephyr/lib/net_buf/liblib__net_buf.a(buf_simple.c.obj)
                0x0000a43c                net_buf_simple_pull
 .text.usbd_device_lock
                0x0000a44c        0xe zephyr/subsys/usb/device_next/libsubsys__usb__device_next.a(usbd_device.c.obj)
 .text.k_mutex_unlock.isra.0
                0x0000a45a        0x4 zephyr/subsys/usb/device_next/libsubsys__usb__device_next.a(usbd_device.c.obj)
 .text.usbd_bus_speed
                0x0000a45e        0xa zephyr/subsys/usb/device_next/libsubsys__usb__device_next.a(usbd_device.c.obj)
                0x0000a45e                usbd_bus_speed
 .text.usbd_device_set_code_triple
                0x0000a468       0x48 zephyr/subsys/usb/device_next/libsubsys__usb__device_next.a(usbd_device.c.obj)
                0x0000a468                usbd_device_set_code_triple
 .text.usbd_is_suspended
                0x0000a4b0        0xa zephyr/subsys/usb/device_next/libsubsys__usb__device_next.a(usbd_device.c.obj)
                0x0000a4b0                usbd_is_suspended
 .text.usbd_init
                0x0000a4ba       0x60 zephyr/subsys/usb/device_next/libsubsys__usb__device_next.a(usbd_device.c.obj)
                0x0000a4ba                usbd_init
 .text.usbd_enable
                0x0000a51a       0x86 zephyr/subsys/usb/device_next/libsubsys__usb__device_next.a(usbd_device.c.obj)
                0x0000a51a                usbd_enable
 .text.usbd_device_get_vreq
                0x0000a5a0       0x2a zephyr/subsys/usb/device_next/libsubsys__usb__device_next.a(usbd_device.c.obj)
                0x0000a5a0                usbd_device_get_vreq
 .text.usbd_device_register_vreq
                0x0000a5ca       0x56 zephyr/subsys/usb/device_next/libsubsys__usb__device_next.a(usbd_device.c.obj)
                0x0000a5ca                usbd_device_register_vreq
 .text.usbd_get_descriptor
                0x0000a620       0x34 zephyr/subsys/usb/device_next/libsubsys__usb__device_next.a(usbd_desc.c.obj)
                0x0000a620                usbd_get_descriptor
 .text.usbd_add_descriptor
                0x0000a654      0x106 zephyr/subsys/usb/device_next/libsubsys__usb__device_next.a(usbd_desc.c.obj)
                0x0000a654                usbd_add_descriptor
 .text.usbd_str_desc_get_idx
                0x0000a75a        0xa zephyr/subsys/usb/device_next/libsubsys__usb__device_next.a(usbd_desc.c.obj)
                0x0000a75a                usbd_str_desc_get_idx
 .text.net_buf_simple_tailroom
                0x0000a764       0x10 zephyr/subsys/usb/device_next/libsubsys__usb__device_next.a(usbd_ch9.c.obj)
 .text.reqtype_is_to_host
                0x0000a774        0xc zephyr/subsys/usb/device_next/libsubsys__usb__device_next.a(usbd_ch9.c.obj)
 .text.sreq_feature_halt_notify
                0x0000a780       0x20 zephyr/subsys/usb/device_next/libsubsys__usb__device_next.a(usbd_ch9.c.obj)
 .text.usbd_enqueue_status_in
                0x0000a7a0       0x2c zephyr/subsys/usb/device_next/libsubsys__usb__device_next.a(usbd_ch9.c.obj)
 .text.usbd_enqueue_setup
                0x0000a7cc       0x26 zephyr/subsys/usb/device_next/libsubsys__usb__device_next.a(usbd_ch9.c.obj)
 .text.udc_test_mode
                0x0000a7f2       0x46 zephyr/subsys/usb/device_next/libsubsys__usb__device_next.a(usbd_ch9.c.obj)
 .text.udc_set_address
                0x0000a838       0x38 zephyr/subsys/usb/device_next/libsubsys__usb__device_next.a(usbd_ch9.c.obj)
 .text.usbd_init_control_pipe
                0x0000a870       0x18 zephyr/subsys/usb/device_next/libsubsys__usb__device_next.a(usbd_ch9.c.obj)
                0x0000a870                usbd_init_control_pipe
 .text.usbd_class_bcast_event
                0x0000a888       0x48 zephyr/subsys/usb/device_next/libsubsys__usb__device_next.a(usbd_core.c.obj)
 .text.unassign_eps.isra.0
                0x0000a8d0       0x66 zephyr/subsys/usb/device_next/libsubsys__usb__device_next.a(usbd_init.c.obj)
 .text.usbd_init_configurations
                0x0000a936      0x1e8 zephyr/subsys/usb/device_next/libsubsys__usb__device_next.a(usbd_init.c.obj)
                0x0000a936                usbd_init_configurations
 .text.usbd_device_lock
                0x0000ab1e        0xe zephyr/subsys/usb/device_next/libsubsys__usb__device_next.a(usbd_config.c.obj)
 .text.k_mutex_unlock.isra.0
                0x0000ab2c        0x4 zephyr/subsys/usb/device_next/libsubsys__usb__device_next.a(usbd_config.c.obj)
 .text.usbd_config_get
                0x0000ab30       0x28 zephyr/subsys/usb/device_next/libsubsys__usb__device_next.a(usbd_config.c.obj)
                0x0000ab30                usbd_config_get
 .text.usbd_config_get_current
                0x0000ab58       0x24 zephyr/subsys/usb/device_next/libsubsys__usb__device_next.a(usbd_config.c.obj)
                0x0000ab58                usbd_config_get_current
 .text.usbd_config_exist
                0x0000ab7c        0xe zephyr/subsys/usb/device_next/libsubsys__usb__device_next.a(usbd_config.c.obj)
                0x0000ab7c                usbd_config_exist
 .text.usbd_config_set
                0x0000ab8a       0x98 zephyr/subsys/usb/device_next/libsubsys__usb__device_next.a(usbd_config.c.obj)
                0x0000ab8a                usbd_config_set
 .text.usbd_add_configuration
                0x0000ac22       0xc0 zephyr/subsys/usb/device_next/libsubsys__usb__device_next.a(usbd_config.c.obj)
                0x0000ac22                usbd_add_configuration
 .text.usbd_device_lock
                0x0000ace2        0xe zephyr/subsys/usb/device_next/libsubsys__usb__device_next.a(usbd_class.c.obj)
 .text.usbd_class_desc_len
                0x0000acf0       0x20 zephyr/subsys/usb/device_next/libsubsys__usb__device_next.a(usbd_class.c.obj)
                0x0000acf0                usbd_class_desc_len
 .text.usbd_class_get_by_config
                0x0000ad10       0x20 zephyr/subsys/usb/device_next/libsubsys__usb__device_next.a(usbd_class.c.obj)
                0x0000ad10                usbd_class_get_by_config
 .text.usbd_class_get_by_iface
                0x0000ad30       0x20 zephyr/subsys/usb/device_next/libsubsys__usb__device_next.a(usbd_class.c.obj)
                0x0000ad30                usbd_class_get_by_iface
 .text.usbd_class_handle_xfer
                0x0000ad50       0x12 zephyr/subsys/usb/device_next/libsubsys__usb__device_next.a(usbd_class.c.obj)
                0x0000ad50                usbd_class_handle_xfer
 .text.usbd_class_get_by_ep
                0x0000ad62       0x46 zephyr/subsys/usb/device_next/libsubsys__usb__device_next.a(usbd_class.c.obj)
                0x0000ad62                usbd_class_get_by_ep
 .text.usbd_class_get_by_req
                0x0000ada8       0x2e zephyr/subsys/usb/device_next/libsubsys__usb__device_next.a(usbd_class.c.obj)
                0x0000ada8                usbd_class_get_by_req
 .text.usbd_register_class
                0x0000add6       0xa0 zephyr/subsys/usb/device_next/libsubsys__usb__device_next.a(usbd_class.c.obj)
                0x0000add6                usbd_register_class
 .text.usbd_interface_modify
                0x0000ae76       0x96 zephyr/subsys/usb/device_next/libsubsys__usb__device_next.a(usbd_interface.c.obj)
 .text.usbd_interface_shutdown
                0x0000af0c       0x54 zephyr/subsys/usb/device_next/libsubsys__usb__device_next.a(usbd_interface.c.obj)
                0x0000af0c                usbd_interface_shutdown
 .text.usbd_interface_default
                0x0000af60       0x50 zephyr/subsys/usb/device_next/libsubsys__usb__device_next.a(usbd_interface.c.obj)
                0x0000af60                usbd_interface_default
 .text.usbd_interface_set
                0x0000afb0       0x78 zephyr/subsys/usb/device_next/libsubsys__usb__device_next.a(usbd_interface.c.obj)
                0x0000afb0                usbd_interface_set
 .text.usbd_ep_bm_clear
                0x0000b028       0x1e zephyr/subsys/usb/device_next/libsubsys__usb__device_next.a(usbd_endpoint.c.obj)
 .text.usbd_ep_enable
                0x0000b046       0x38 zephyr/subsys/usb/device_next/libsubsys__usb__device_next.a(usbd_endpoint.c.obj)
                0x0000b046                usbd_ep_enable
 .text.usbd_ep_disable
                0x0000b07e       0x2c zephyr/subsys/usb/device_next/libsubsys__usb__device_next.a(usbd_endpoint.c.obj)
                0x0000b07e                usbd_ep_disable
 .text.usbd_ep_ctrl_data_in_alloc
                0x0000b0aa        0xa zephyr/subsys/usb/device_next/libsubsys__usb__device_next.a(usbd_endpoint.c.obj)
                0x0000b0aa                usbd_ep_ctrl_data_in_alloc
 .text.usbd_ep_ctrl_enqueue
                0x0000b0b4       0x7a zephyr/subsys/usb/device_next/libsubsys__usb__device_next.a(usbd_endpoint.c.obj)
                0x0000b0b4                usbd_ep_ctrl_enqueue
 .text.usbd_ep_buf_alloc
                0x0000b12e        0x8 zephyr/subsys/usb/device_next/libsubsys__usb__device_next.a(usbd_endpoint.c.obj)
                0x0000b12e                usbd_ep_buf_alloc
 .text.usbd_ep_enqueue
                0x0000b136       0x30 zephyr/subsys/usb/device_next/libsubsys__usb__device_next.a(usbd_endpoint.c.obj)
                0x0000b136                usbd_ep_enqueue
 .text.usbd_ep_buf_free
                0x0000b166        0x6 zephyr/subsys/usb/device_next/libsubsys__usb__device_next.a(usbd_endpoint.c.obj)
                0x0000b166                usbd_ep_buf_free
 .text.usbd_ep_set_halt
                0x0000b16c       0x2a zephyr/subsys/usb/device_next/libsubsys__usb__device_next.a(usbd_endpoint.c.obj)
                0x0000b16c                usbd_ep_set_halt
 .text.usbd_ep_clear_halt
                0x0000b196       0x1e zephyr/subsys/usb/device_next/libsubsys__usb__device_next.a(usbd_endpoint.c.obj)
                0x0000b196                usbd_ep_clear_halt
 .text.usbd_ep_is_halted
                0x0000b1b4       0x16 zephyr/subsys/usb/device_next/libsubsys__usb__device_next.a(usbd_endpoint.c.obj)
                0x0000b1b4                usbd_ep_is_halted
 .text.usbd_msg_pub_simple
                0x0000b1ca       0x1c zephyr/subsys/usb/device_next/libsubsys__usb__device_next.a(usbd_msg.c.obj)
                0x0000b1ca                usbd_msg_pub_simple
 .text.usbd_msg_pub_device
                0x0000b1e6       0x1c zephyr/subsys/usb/device_next/libsubsys__usb__device_next.a(usbd_msg.c.obj)
                0x0000b1e6                usbd_msg_pub_device
 .text.usbd_cdc_acm_update
                0x0000b202        0x2 zephyr/subsys/usb/device_next/libsubsys__usb__device_next.a(usbd_cdc_acm.c.obj)
 .text.usbd_cdc_acm_get_desc
                0x0000b204        0x8 zephyr/subsys/usb/device_next/libsubsys__usb__device_next.a(usbd_cdc_acm.c.obj)
 .text.cdc_acm_update_uart_cfg
                0x0000b20c       0x4c zephyr/subsys/usb/device_next/libsubsys__usb__device_next.a(usbd_cdc_acm.c.obj)
 .text.cdc_acm_irq_tx_ready
                0x0000b258       0x18 zephyr/subsys/usb/device_next/libsubsys__usb__device_next.a(usbd_cdc_acm.c.obj)
 .text.cdc_acm_irq_rx_ready
                0x0000b270        0x8 zephyr/subsys/usb/device_next/libsubsys__usb__device_next.a(usbd_cdc_acm.c.obj)
 .text.cdc_acm_irq_is_pending
                0x0000b278       0x12 zephyr/subsys/usb/device_next/libsubsys__usb__device_next.a(usbd_cdc_acm.c.obj)
 .text.cdc_acm_irq_callback_set
                0x0000b28a        0x8 zephyr/subsys/usb/device_next/libsubsys__usb__device_next.a(usbd_cdc_acm.c.obj)
 .text.cdc_acm_line_ctrl_get
                0x0000b292       0x24 zephyr/subsys/usb/device_next/libsubsys__usb__device_next.a(usbd_cdc_acm.c.obj)
 .text.atomic_test_bit
                0x0000b2b6       0x12 zephyr/subsys/usb/device_next/libsubsys__usb__device_next.a(usbd_cdc_acm.c.obj)
 .text.usbd_cdc_acm_suspended
                0x0000b2c8       0x20 zephyr/subsys/usb/device_next/libsubsys__usb__device_next.a(usbd_cdc_acm.c.obj)
 .text.cdc_acm_fifo_read
                0x0000b2e8       0x14 zephyr/subsys/usb/device_next/libsubsys__usb__device_next.a(usbd_cdc_acm.c.obj)
 .text.cdc_acm_poll_in
                0x0000b2fc       0x2a zephyr/subsys/usb/device_next/libsubsys__usb__device_next.a(usbd_cdc_acm.c.obj)
 .text.cdc_acm_fifo_fill
                0x0000b326       0x2a zephyr/subsys/usb/device_next/libsubsys__usb__device_next.a(usbd_cdc_acm.c.obj)
 .text.usbd_cdc_acm_init
                0x0000b350       0x34 zephyr/subsys/usb/device_next/libsubsys__usb__device_next.a(usbd_cdc_acm.c.obj)
 .text.atomic_clear_bit
                0x0000b384       0x1e zephyr/subsys/usb/device_next/libsubsys__usb__device_next.a(usbd_cdc_acm.c.obj)
 .text.cdc_acm_irq_rx_disable
                0x0000b3a2        0xa zephyr/subsys/usb/device_next/libsubsys__usb__device_next.a(usbd_cdc_acm.c.obj)
 .text.cdc_acm_irq_tx_disable
                0x0000b3ac        0xa zephyr/subsys/usb/device_next/libsubsys__usb__device_next.a(usbd_cdc_acm.c.obj)
 .text.usbd_cdc_acm_disable
                0x0000b3b6       0x18 zephyr/subsys/usb/device_next/libsubsys__usb__device_next.a(usbd_cdc_acm.c.obj)
 .text.usbd_cdc_acm_resumed
                0x0000b3ce        0xc zephyr/subsys/usb/device_next/libsubsys__usb__device_next.a(usbd_cdc_acm.c.obj)
 .text.cdc_acm_tx_fifo_handler
                0x0000b3da       0xc6 zephyr/subsys/usb/device_next/libsubsys__usb__device_next.a(usbd_cdc_acm.c.obj)
 .text.cdc_acm_line_ctrl_set
                0x0000b4a0       0xee zephyr/subsys/usb/device_next/libsubsys__usb__device_next.a(usbd_cdc_acm.c.obj)
 .text.usbd_cdc_acm_request
                0x0000b58e       0xe8 zephyr/subsys/usb/device_next/libsubsys__usb__device_next.a(usbd_cdc_acm.c.obj)
 .text.cdc_acm_irq_cb_handler
                0x0000b676       0xae zephyr/subsys/usb/device_next/libsubsys__usb__device_next.a(usbd_cdc_acm.c.obj)
 .text.cdc_acm_rx_fifo_handler
                0x0000b724       0x8c zephyr/subsys/usb/device_next/libsubsys__usb__device_next.a(usbd_cdc_acm.c.obj)
 .text.cdc_acm_irq_update
                0x0000b7b0       0x46 zephyr/subsys/usb/device_next/libsubsys__usb__device_next.a(usbd_cdc_acm.c.obj)
 .text.cdc_acm_irq_tx_enable
                0x0000b7f6       0x36 zephyr/subsys/usb/device_next/libsubsys__usb__device_next.a(usbd_cdc_acm.c.obj)
 .text.cdc_acm_irq_rx_enable
                0x0000b82c       0x4a zephyr/subsys/usb/device_next/libsubsys__usb__device_next.a(usbd_cdc_acm.c.obj)
 .text.usbd_cdc_acm_enable
                0x0000b876       0x64 zephyr/subsys/usb/device_next/libsubsys__usb__device_next.a(usbd_cdc_acm.c.obj)
 .text.crc8     0x0000b8da       0x3a zephyr/subsys/crc/libsubsys__crc.a(crc8_sw.c.obj)
                0x0000b8da                crc8
 .text.udc_buf_destroy
                0x0000b914       0x30 zephyr/drivers/usb/udc/libdrivers__usb__udc.a(udc_common.c.obj)
 .text.ep_check_config.isra.0
                0x0000b944       0x68 zephyr/drivers/usb/udc/libdrivers__usb__udc.a(udc_common.c.obj)
 .text.udc_is_initialized.isra.0
                0x0000b9ac       0x12 zephyr/drivers/usb/udc/libdrivers__usb__udc.a(udc_common.c.obj)
 .text.udc_is_enabled.isra.0
                0x0000b9be       0x12 zephyr/drivers/usb/udc/libdrivers__usb__udc.a(udc_common.c.obj)
 .text.udc_set_suspended
                0x0000b9d0       0x40 zephyr/drivers/usb/udc/libdrivers__usb__udc.a(udc_common.c.obj)
                0x0000b9d0                udc_set_suspended
 .text.udc_get_ep_cfg
                0x0000ba10       0x12 zephyr/drivers/usb/udc/libdrivers__usb__udc.a(udc_common.c.obj)
                0x0000ba10                udc_get_ep_cfg
 .text.udc_ep_is_busy
                0x0000ba22        0x8 zephyr/drivers/usb/udc/libdrivers__usb__udc.a(udc_common.c.obj)
                0x0000ba22                udc_ep_is_busy
 .text.udc_ep_set_busy
                0x0000ba2a        0xa zephyr/drivers/usb/udc/libdrivers__usb__udc.a(udc_common.c.obj)
                0x0000ba2a                udc_ep_set_busy
 .text.udc_register_ep
                0x0000ba34       0x2c zephyr/drivers/usb/udc/libdrivers__usb__udc.a(udc_common.c.obj)
                0x0000ba34                udc_register_ep
 .text.udc_buf_get
                0x0000ba60        0x8 zephyr/drivers/usb/udc/libdrivers__usb__udc.a(udc_common.c.obj)
                0x0000ba60                udc_buf_get
 .text.udc_buf_peek
                0x0000ba68        0x4 zephyr/drivers/usb/udc/libdrivers__usb__udc.a(udc_common.c.obj)
                0x0000ba68                udc_buf_peek
 .text.udc_buf_put
                0x0000ba6c        0x4 zephyr/drivers/usb/udc/libdrivers__usb__udc.a(udc_common.c.obj)
                0x0000ba6c                udc_buf_put
 .text.udc_ep_buf_has_zlp
                0x0000ba70        0x8 zephyr/drivers/usb/udc/libdrivers__usb__udc.a(udc_common.c.obj)
                0x0000ba70                udc_ep_buf_has_zlp
 .text.udc_ep_buf_clear_zlp
                0x0000ba78        0xa zephyr/drivers/usb/udc/libdrivers__usb__udc.a(udc_common.c.obj)
                0x0000ba78                udc_ep_buf_clear_zlp
 .text.udc_submit_event
                0x0000ba82       0x18 zephyr/drivers/usb/udc/libdrivers__usb__udc.a(udc_common.c.obj)
                0x0000ba82                udc_submit_event
 .text.udc_submit_ep_event
                0x0000ba9a       0x30 zephyr/drivers/usb/udc/libdrivers__usb__udc.a(udc_common.c.obj)
                0x0000ba9a                udc_submit_ep_event
 .text.udc_ep_cancel_queued
                0x0000baca       0x1e zephyr/drivers/usb/udc/libdrivers__usb__udc.a(udc_common.c.obj)
                0x0000baca                udc_ep_cancel_queued
 .text.udc_setup_received
                0x0000bae8       0xb4 zephyr/drivers/usb/udc/libdrivers__usb__udc.a(udc_common.c.obj)
                0x0000bae8                udc_setup_received
 .text.udc_ep_try_config
                0x0000bb9c       0x8c zephyr/drivers/usb/udc/libdrivers__usb__udc.a(udc_common.c.obj)
                0x0000bb9c                udc_ep_try_config
 .text.udc_ep_enable_internal
                0x0000bc28       0x64 zephyr/drivers/usb/udc/libdrivers__usb__udc.a(udc_common.c.obj)
                0x0000bc28                udc_ep_enable_internal
 .text.udc_ep_enable
                0x0000bc8c       0x52 zephyr/drivers/usb/udc/libdrivers__usb__udc.a(udc_common.c.obj)
                0x0000bc8c                udc_ep_enable
 .text.udc_ep_disable_internal
                0x0000bcde       0x3e zephyr/drivers/usb/udc/libdrivers__usb__udc.a(udc_common.c.obj)
                0x0000bcde                udc_ep_disable_internal
 .text.udc_ep_disable
                0x0000bd1c       0x38 zephyr/drivers/usb/udc/libdrivers__usb__udc.a(udc_common.c.obj)
                0x0000bd1c                udc_ep_disable
 .text.udc_ep_set_halt
                0x0000bd54       0x54 zephyr/drivers/usb/udc/libdrivers__usb__udc.a(udc_common.c.obj)
                0x0000bd54                udc_ep_set_halt
 .text.udc_ep_clear_halt
                0x0000bda8       0x60 zephyr/drivers/usb/udc/libdrivers__usb__udc.a(udc_common.c.obj)
                0x0000bda8                udc_ep_clear_halt
 .text.udc_ep_enqueue
                0x0000be08       0x8c zephyr/drivers/usb/udc/libdrivers__usb__udc.a(udc_common.c.obj)
                0x0000be08                udc_ep_enqueue
 .text.udc_ep_queue_is_empty
                0x0000be94       0x2e zephyr/drivers/usb/udc/libdrivers__usb__udc.a(udc_common.c.obj)
                0x0000be94                udc_ep_queue_is_empty
 .text.udc_ep_dequeue
                0x0000bec2       0x42 zephyr/drivers/usb/udc/libdrivers__usb__udc.a(udc_common.c.obj)
                0x0000bec2                udc_ep_dequeue
 .text.udc_ctrl_setup_alloc
                0x0000bf04       0x1e zephyr/drivers/usb/udc/libdrivers__usb__udc.a(udc_common.c.obj)
                0x0000bf04                udc_ctrl_setup_alloc
 .text.udc_ctrl_data_alloc
                0x0000bf22       0x28 zephyr/drivers/usb/udc/libdrivers__usb__udc.a(udc_common.c.obj)
                0x0000bf22                udc_ctrl_data_alloc
 .text.udc_ctrl_status_alloc
                0x0000bf4a       0x22 zephyr/drivers/usb/udc/libdrivers__usb__udc.a(udc_common.c.obj)
                0x0000bf4a                udc_ctrl_status_alloc
 .text.udc_ep_buf_free
                0x0000bf6c       0x1c zephyr/drivers/usb/udc/libdrivers__usb__udc.a(udc_common.c.obj)
                0x0000bf6c                udc_ep_buf_free
 .text.udc_device_speed
                0x0000bf88       0x2c zephyr/drivers/usb/udc/libdrivers__usb__udc.a(udc_common.c.obj)
                0x0000bf88                udc_device_speed
 .text.udc_enable
                0x0000bfb4       0x58 zephyr/drivers/usb/udc/libdrivers__usb__udc.a(udc_common.c.obj)
                0x0000bfb4                udc_enable
 .text.udc_disable
                0x0000c00c       0x48 zephyr/drivers/usb/udc/libdrivers__usb__udc.a(udc_common.c.obj)
                0x0000c00c                udc_disable
 .text.udc_init
                0x0000c054       0x66 zephyr/drivers/usb/udc/libdrivers__usb__udc.a(udc_common.c.obj)
                0x0000c054                udc_init
 .text.udc_shutdown
                0x0000c0ba       0x56 zephyr/drivers/usb/udc/libdrivers__usb__udc.a(udc_common.c.obj)
                0x0000c0ba                udc_shutdown
 .text.nrf52_errata_187
                0x0000c110       0x1c zephyr/drivers/usb/udc/libdrivers__usb__udc.a(udc_nrf.c.obj)
 .text.ep2bit   0x0000c12c       0x10 zephyr/drivers/usb/udc/libdrivers__usb__udc.a(udc_nrf.c.obj)
 .text.udc_nrf_shutdown
                0x0000c13c        0xe zephyr/drivers/usb/udc/libdrivers__usb__udc.a(udc_nrf.c.obj)
 .text.atomic_set_bit
                0x0000c14a       0x1c zephyr/drivers/usb/udc/libdrivers__usb__udc.a(udc_nrf.c.obj)
 .text.udc_nrf_unlock
                0x0000c166        0x8 zephyr/drivers/usb/udc/libdrivers__usb__udc.a(udc_nrf.c.obj)
 .text.udc_nrf_lock
                0x0000c16e       0x10 zephyr/drivers/usb/udc/libdrivers__usb__udc.a(udc_nrf.c.obj)
 .text.usb_pool_data_unref
                0x0000c17e       0x18 zephyr/drivers/usb/common/buf/libdrivers__usb__common__buf.a(usb_buf.c.obj)
 .text.usb_pool_data_alloc
                0x0000c196       0x2e zephyr/drivers/usb/common/buf/libdrivers__usb__common__buf.a(usb_buf.c.obj)
 .text.k_sem_give
                0x0000c1c4        0x4 zephyr/drivers/adc/libdrivers__adc.a(adc_nrfx_saadc.c.obj)
 .text.get_status
                0x0000c1c8       0x12 zephyr/drivers/clock_control/libdrivers__clock_control.a(clock_control_nrf.c.obj)
 .text.stop     0x0000c1da       0x50 zephyr/drivers/clock_control/libdrivers__clock_control.a(clock_control_nrf.c.obj)
 .text.api_stop
                0x0000c22a        0x6 zephyr/drivers/clock_control/libdrivers__clock_control.a(clock_control_nrf.c.obj)
 .text.async_start
                0x0000c230       0x60 zephyr/drivers/clock_control/libdrivers__clock_control.a(clock_control_nrf.c.obj)
 .text.api_start
                0x0000c290        0xe zephyr/drivers/clock_control/libdrivers__clock_control.a(clock_control_nrf.c.obj)
 .text.onoff_started_callback
                0x0000c29e       0x12 zephyr/drivers/clock_control/libdrivers__clock_control.a(clock_control_nrf.c.obj)
 .text.blocking_start_callback
                0x0000c2b0        0x6 zephyr/drivers/clock_control/libdrivers__clock_control.a(clock_control_nrf.c.obj)
 .text.lfclk_stop
                0x0000c2b6        0xe zephyr/drivers/clock_control/libdrivers__clock_control.a(clock_control_nrf.c.obj)
 .text.lfclk_start
                0x0000c2c4        0x4 zephyr/drivers/clock_control/libdrivers__clock_control.a(clock_control_nrf.c.obj)
 .text.timeout_handler
                0x0000c2c8        0x4 zephyr/drivers/clock_control/libdrivers__clock_control.a(nrf_clock_calibration.c.obj)
 .text.gpio_nrfx_port_get_raw
                0x0000c2cc        0xe zephyr/drivers/gpio/libdrivers__gpio.a(gpio_nrfx.c.obj)
 .text.gpio_nrfx_port_set_masked_raw
                0x0000c2da       0x18 zephyr/drivers/gpio/libdrivers__gpio.a(gpio_nrfx.c.obj)
 .text.gpio_nrfx_port_set_bits_raw
                0x0000c2f2        0xc zephyr/drivers/gpio/libdrivers__gpio.a(gpio_nrfx.c.obj)
 .text.gpio_nrfx_port_clear_bits_raw
                0x0000c2fe        0xc zephyr/drivers/gpio/libdrivers__gpio.a(gpio_nrfx.c.obj)
 .text.gpio_nrfx_port_toggle_bits
                0x0000c30a       0x1a zephyr/drivers/gpio/libdrivers__gpio.a(gpio_nrfx.c.obj)
 .text.gpio_nrfx_manage_callback
                0x0000c324       0x54 zephyr/drivers/gpio/libdrivers__gpio.a(gpio_nrfx.c.obj)
 .text.gpio_nrfx_gpiote_irq_handler
                0x0000c378        0x4 zephyr/drivers/gpio/libdrivers__gpio.a(gpio_nrfx.c.obj)
                0x0000c378                gpio_nrfx_gpiote_irq_handler
 .text.z_impl_hwinfo_get_device_id
                0x0000c37c       0x28 zephyr/drivers/hwinfo/libdrivers__hwinfo.a(hwinfo_nrf.c.obj)
                0x0000c37c                z_impl_hwinfo_get_device_id
 .text.twi_0_init
                0x0000c3a4       0x40 zephyr/drivers/i2c/libdrivers__i2c.a(i2c_nrfx_twi.c.obj)
 .text.event_handler
                0x0000c3e4       0x2a zephyr/drivers/i2c/libdrivers__i2c.a(i2c_nrfx_twi.c.obj)
 .text.i2c_nrfx_twi_transfer
                0x0000c40e       0xb0 zephyr/drivers/i2c/libdrivers__i2c.a(i2c_nrfx_twi.c.obj)
 .text.i2c_nrfx_twi_init
                0x0000c4be        0xc zephyr/drivers/i2c/libdrivers__i2c.a(i2c_nrfx_twi_common.c.obj)
                0x0000c4be                i2c_nrfx_twi_init
 .text.i2c_nrfx_twi_configure
                0x0000c4ca       0x30 zephyr/drivers/i2c/libdrivers__i2c.a(i2c_nrfx_twi_common.c.obj)
                0x0000c4ca                i2c_nrfx_twi_configure
 .text.i2c_nrfx_twi_recover_bus
                0x0000c4fa       0x10 zephyr/drivers/i2c/libdrivers__i2c.a(i2c_nrfx_twi_common.c.obj)
                0x0000c4fa                i2c_nrfx_twi_recover_bus
 .text.i2c_nrfx_twi_msg_transfer
                0x0000c50a       0x5e zephyr/drivers/i2c/libdrivers__i2c.a(i2c_nrfx_twi_common.c.obj)
                0x0000c50a                i2c_nrfx_twi_msg_transfer
 .text.pinctrl_lookup_state
                0x0000c568       0x26 zephyr/drivers/pinctrl/libdrivers__pinctrl.a(common.c.obj)
                0x0000c568                pinctrl_lookup_state
 .text.sht3xd_compute_crc
                0x0000c58e       0x1e zephyr/drivers/sensor/sensirion/sht3xd/libdrivers__sensor__sensirion__sht3xd.a(sht3xd.c.obj)
 .text.sht3xd_sample_fetch
                0x0000c5ac       0x7c zephyr/drivers/sensor/sensirion/sht3xd/libdrivers__sensor__sensirion__sht3xd.a(sht3xd.c.obj)
 .text.sht3xd_write_command
                0x0000c628       0x34 zephyr/drivers/sensor/sensirion/sht3xd/libdrivers__sensor__sensirion__sht3xd.a(sht3xd.c.obj)
                0x0000c628                sht3xd_write_command
 .text.sht3xd_init
                0x0000c65c       0x4a zephyr/drivers/sensor/sensirion/sht3xd/libdrivers__sensor__sensirion__sht3xd.a(sht3xd.c.obj)
 .text.adc_channel_setup_dt
                0x0000c6a6       0x16 zephyr/drivers/sensor/voltage_divider/libdrivers__sensor__voltage_divider.a(voltage.c.obj)
 .text.fetch    0x0000c6bc       0x40 zephyr/drivers/sensor/voltage_divider/libdrivers__sensor__voltage_divider.a(voltage.c.obj)
 .text.uart_nrfx_irq_update
                0x0000c6fc        0x4 zephyr/drivers/serial/libdrivers__serial.a(uart_nrfx_uart.c.obj)
 .text.event_clear
                0x0000c700       0x18 zephyr/drivers/timer/libdrivers__timer.a(nrf_rtc_timer.c.obj)
 .text.hw_cc3xx_init_internal
                0x0000c718        0x4 modules/nrf/drivers/hw_cc3xx/lib..__nrf__drivers__hw_cc3xx.a(hw_cc3xx.c.obj)
 .text.hw_cc3xx_init
                0x0000c71c       0x12 modules/nrf/drivers/hw_cc3xx/lib..__nrf__drivers__hw_cc3xx.a(hw_cc3xx.c.obj)
 .text.nrf52_errata_98
                0x0000c72e       0x1a modules/hal_nordic/modules/hal_nordic/nrfx/libnrfx.a(system_nrf52840.c.obj)
 .text.nrfx_isr
                0x0000c748        0x6 modules/hal_nordic/modules/hal_nordic/nrfx/libnrfx.a(nrfx_glue.c.obj)
                0x0000c748                nrfx_isr
 .text.nrfx_busy_wait
                0x0000c74e        0x4 modules/hal_nordic/modules/hal_nordic/nrfx/libnrfx.a(nrfx_glue.c.obj)
                0x0000c74e                nrfx_busy_wait
 .text.nrfx_flag32_alloc
                0x0000c752       0x3c modules/hal_nordic/modules/hal_nordic/nrfx/libnrfx.a(nrfx_flag32_allocator.c.obj)
                0x0000c752                nrfx_flag32_alloc
 .text.nrfx_flag32_free
                0x0000c78e       0x3a modules/hal_nordic/modules/hal_nordic/nrfx/libnrfx.a(nrfx_flag32_allocator.c.obj)
                0x0000c78e                nrfx_flag32_free
 .text.nrfx_clock_start
                0x0000c7c8       0x10 modules/hal_nordic/modules/hal_nordic/nrfx/libnrfx.a(nrfx_clock.c.obj)
                0x0000c7c8                nrfx_clock_start
 .text.nrfx_clock_stop
                0x0000c7d8       0x10 modules/hal_nordic/modules/hal_nordic/nrfx/libnrfx.a(nrfx_clock.c.obj)
                0x0000c7d8                nrfx_clock_stop
 .text.nrfx_clock_calibration_start
                0x0000c7e8        0x4 modules/hal_nordic/modules/hal_nordic/nrfx/libnrfx.a(nrfx_clock.c.obj)
                0x0000c7e8                nrfx_clock_calibration_start
 .text.nrfx_clock_irq_handler
                0x0000c7ec        0xe modules/hal_nordic/modules/hal_nordic/nrfx/libnrfx.a(nrfx_clock.c.obj)
                0x0000c7ec                nrfx_clock_irq_handler
 .text.nrf52_errata_201
                0x0000c7fa       0x1e modules/hal_nordic/modules/hal_nordic/nrfx/libnrfx.a(nrfx_clock_hfclk.c.obj)
 .text.nrfx_clock_hfclk_stop
                0x0000c818        0x4 modules/hal_nordic/modules/hal_nordic/nrfx/libnrfx.a(nrfx_clock_hfclk.c.obj)
                0x0000c818                nrfx_clock_hfclk_stop
 .text.nrf52_errata_192
                0x0000c81c       0x1e modules/hal_nordic/modules/hal_nordic/nrfx/libnrfx.a(nrfx_clock_lfclk.c.obj)
 .text.clock_stop
                0x0000c83a       0x32 modules/hal_nordic/modules/hal_nordic/nrfx/libnrfx.a(nrfx_clock_lfclk.c.obj)
 .text.nrfx_clock_lfclk_stop
                0x0000c86c        0x4 modules/hal_nordic/modules/hal_nordic/nrfx/libnrfx.a(nrfx_clock_lfclk.c.obj)
                0x0000c86c                nrfx_clock_lfclk_stop
 .text.nrf_gpio_reconfigure
                0x0000c870       0x92 modules/hal_nordic/modules/hal_nordic/nrfx/libnrfx.a(nrfx_gpiote.c.obj)
 .text.nrf_gpio_cfg_sense_set
                0x0000c902       0x1e modules/hal_nordic/modules/hal_nordic/nrfx/libnrfx.a(nrfx_gpiote.c.obj)
 .text.pin_in_use_by_te
                0x0000c920       0x16 modules/hal_nordic/modules/hal_nordic/nrfx/libnrfx.a(nrfx_gpiote.c.obj)
 .text.pin_is_output
                0x0000c936       0x16 modules/hal_nordic/modules/hal_nordic/nrfx/libnrfx.a(nrfx_gpiote.c.obj)
 .text.pin_te_get